Archive member included to satisfy reference by file (symbol)

c:/progra~2/gnuarm~1/102021~1.10/bin/../lib/gcc/arm-none-eabi/10.3.1/thumb/v7e-m/nofp\libgcc.a(_aeabi_uldivmod.o)
                              CMakeFiles/2_1_Printf.elf.dir/Drivers/STM32F4xx_HAL_Driver/Src/stm32f4xx_hal_rcc.c.obj (__aeabi_uldivmod)
c:/progra~2/gnuarm~1/102021~1.10/bin/../lib/gcc/arm-none-eabi/10.3.1/thumb/v7e-m/nofp\libgcc.a(_udivmoddi4.o)
                              c:/progra~2/gnuarm~1/102021~1.10/bin/../lib/gcc/arm-none-eabi/10.3.1/thumb/v7e-m/nofp\libgcc.a(_aeabi_uldivmod.o) (__udivmoddi4)
c:/progra~2/gnuarm~1/102021~1.10/bin/../lib/gcc/arm-none-eabi/10.3.1/thumb/v7e-m/nofp\libgcc.a(_dvmd_tls.o)
                              c:/progra~2/gnuarm~1/102021~1.10/bin/../lib/gcc/arm-none-eabi/10.3.1/thumb/v7e-m/nofp\libgcc.a(_aeabi_uldivmod.o) (__aeabi_ldiv0)
c:/progra~2/gnuarm~1/102021~1.10/bin/../lib/gcc/arm-none-eabi/10.3.1/../../../../arm-none-eabi/lib/thumb/v7e-m/nofp\libg.a(lib_a-errno.o)
                              CMakeFiles/2_1_Printf.elf.dir/Core/Src/syscalls.c.obj (__errno)
c:/progra~2/gnuarm~1/102021~1.10/bin/../lib/gcc/arm-none-eabi/10.3.1/../../../../arm-none-eabi/lib/thumb/v7e-m/nofp\libg.a(lib_a-exit.o)
                              c:/progra~2/gnuarm~1/102021~1.10/bin/../lib/gcc/arm-none-eabi/10.3.1/../../../../arm-none-eabi/lib/thumb/v7e-m/nofp/crt0.o (exit)
c:/progra~2/gnuarm~1/102021~1.10/bin/../lib/gcc/arm-none-eabi/10.3.1/../../../../arm-none-eabi/lib/thumb/v7e-m/nofp\libg.a(lib_a-impure.o)
                              c:/progra~2/gnuarm~1/102021~1.10/bin/../lib/gcc/arm-none-eabi/10.3.1/../../../../arm-none-eabi/lib/thumb/v7e-m/nofp\libg.a(lib_a-exit.o) (_global_impure_ptr)
c:/progra~2/gnuarm~1/102021~1.10/bin/../lib/gcc/arm-none-eabi/10.3.1/../../../../arm-none-eabi/lib/thumb/v7e-m/nofp\libg.a(lib_a-init.o)
                              c:/progra~2/gnuarm~1/102021~1.10/bin/../lib/gcc/arm-none-eabi/10.3.1/../../../../arm-none-eabi/lib/thumb/v7e-m/nofp/crt0.o (__libc_init_array)
c:/progra~2/gnuarm~1/102021~1.10/bin/../lib/gcc/arm-none-eabi/10.3.1/../../../../arm-none-eabi/lib/thumb/v7e-m/nofp\libg.a(lib_a-memset.o)
                              c:/progra~2/gnuarm~1/102021~1.10/bin/../lib/gcc/arm-none-eabi/10.3.1/../../../../arm-none-eabi/lib/thumb/v7e-m/nofp/crt0.o (memset)
c:/progra~2/gnuarm~1/102021~1.10/bin/../lib/gcc/arm-none-eabi/10.3.1/../../../../arm-none-eabi/lib/thumb/v7e-m/nofp\libg.a(lib_a-puts.o)
                              CMakeFiles/2_1_Printf.elf.dir/Core/Src/main.c.obj (puts)
c:/progra~2/gnuarm~1/102021~1.10/bin/../lib/gcc/arm-none-eabi/10.3.1/../../../../arm-none-eabi/lib/thumb/v7e-m/nofp\libg.a(lib_a-setvbuf.o)
                              CMakeFiles/2_1_Printf.elf.dir/User/Retarget.c.obj (setvbuf)
c:/progra~2/gnuarm~1/102021~1.10/bin/../lib/gcc/arm-none-eabi/10.3.1/../../../../arm-none-eabi/lib/thumb/v7e-m/nofp\libg.a(lib_a-strlen.o)
                              c:/progra~2/gnuarm~1/102021~1.10/bin/../lib/gcc/arm-none-eabi/10.3.1/../../../../arm-none-eabi/lib/thumb/v7e-m/nofp\libg.a(lib_a-puts.o) (strlen)
c:/progra~2/gnuarm~1/102021~1.10/bin/../lib/gcc/arm-none-eabi/10.3.1/../../../../arm-none-eabi/lib/thumb/v7e-m/nofp\libg.a(lib_a-__call_atexit.o)
                              c:/progra~2/gnuarm~1/102021~1.10/bin/../lib/gcc/arm-none-eabi/10.3.1/../../../../arm-none-eabi/lib/thumb/v7e-m/nofp\libg.a(lib_a-exit.o) (__call_exitprocs)
c:/progra~2/gnuarm~1/102021~1.10/bin/../lib/gcc/arm-none-eabi/10.3.1/../../../../arm-none-eabi/lib/thumb/v7e-m/nofp\libg.a(lib_a-atexit.o)
                              c:/progra~2/gnuarm~1/102021~1.10/bin/../lib/gcc/arm-none-eabi/10.3.1/../../../../arm-none-eabi/lib/thumb/v7e-m/nofp\libg.a(lib_a-__call_atexit.o) (atexit)
c:/progra~2/gnuarm~1/102021~1.10/bin/../lib/gcc/arm-none-eabi/10.3.1/../../../../arm-none-eabi/lib/thumb/v7e-m/nofp\libg.a(lib_a-fflush.o)
                              c:/progra~2/gnuarm~1/102021~1.10/bin/../lib/gcc/arm-none-eabi/10.3.1/../../../../arm-none-eabi/lib/thumb/v7e-m/nofp\libg.a(lib_a-setvbuf.o) (_fflush_r)
c:/progra~2/gnuarm~1/102021~1.10/bin/../lib/gcc/arm-none-eabi/10.3.1/../../../../arm-none-eabi/lib/thumb/v7e-m/nofp\libg.a(lib_a-findfp.o)
                              c:/progra~2/gnuarm~1/102021~1.10/bin/../lib/gcc/arm-none-eabi/10.3.1/../../../../arm-none-eabi/lib/thumb/v7e-m/nofp\libg.a(lib_a-puts.o) (__sinit)
c:/progra~2/gnuarm~1/102021~1.10/bin/../lib/gcc/arm-none-eabi/10.3.1/../../../../arm-none-eabi/lib/thumb/v7e-m/nofp\libg.a(lib_a-fini.o)
                              c:/progra~2/gnuarm~1/102021~1.10/bin/../lib/gcc/arm-none-eabi/10.3.1/../../../../arm-none-eabi/lib/thumb/v7e-m/nofp\libg.a(lib_a-__call_atexit.o) (__libc_fini_array)
c:/progra~2/gnuarm~1/102021~1.10/bin/../lib/gcc/arm-none-eabi/10.3.1/../../../../arm-none-eabi/lib/thumb/v7e-m/nofp\libg.a(lib_a-freer.o)
[...]
Memory Configuration

Name             Origin             Length             Attributes
CCMRAM           0x10000000         0x00010000         xrw
RAM              0x20000000         0x00020000         xrw
FLASH            0x08000000         0x00100000         xr
*default*        0x00000000         0xffffffff

Linker script and memory map

LOAD c:/progra~2/gnuarm~1/102021~1.10/bin/../lib/gcc/arm-none-eabi/10.3.1/thumb/v7e-m/nofp/crti.o
LOAD c:/progra~2/gnuarm~1/102021~1.10/bin/../lib/gcc/arm-none-eabi/10.3.1/thumb/v7e-m/nofp/crtbegin.o
LOAD c:/progra~2/gnuarm~1/102021~1.10/bin/../lib/gcc/arm-none-eabi/10.3.1/../../../../arm-none-eabi/lib/thumb/v7e-m/nofp/crt0.o
LOAD CMakeFiles/2_1_Printf.elf.dir/Core/Src/gpio.c.obj
LOAD CMakeFiles/2_1_Printf.elf.dir/Core/Src/main.c.obj
LOAD CMakeFiles/2_1_Printf.elf.dir/Core/Src/stm32f4xx_hal_msp.c.obj
LOAD CMakeFiles/2_1_Printf.elf.dir/Core/Src/stm32f4xx_it.c.obj
LOAD CMakeFiles/2_1_Printf.elf.dir/Core/Src/syscalls.c.obj
LOAD CMakeFiles/2_1_Printf.elf.dir/Core/Src/sysmem.c.obj
LOAD CMakeFiles/2_1_Printf.elf.dir/Core/Src/system_stm32f4xx.c.obj
LOAD CMakeFiles/2_1_Printf.elf.dir/Core/Src/usart.c.obj
LOAD CMakeFiles/2_1_Printf.elf.dir/Core/Startup/startup_stm32f407zgtx.s.obj
LOAD CMakeFiles/2_1_Printf.elf.dir/Drivers/STM32F4xx_HAL_Driver/Src/stm32f4xx_hal.c.obj
LOAD CMakeFiles/2_1_Printf.elf.dir/Drivers/STM32F4xx_HAL_Driver/Src/stm32f4xx_hal_cortex.c.obj
LOAD CMakeFiles/2_1_Printf.elf.dir/Drivers/STM32F4xx_HAL_Driver/Src/stm32f4xx_hal_dma.c.obj
LOAD CMakeFiles/2_1_Printf.elf.dir/Drivers/STM32F4xx_HAL_Driver/Src/stm32f4xx_hal_dma_ex.c.obj
LOAD CMakeFiles/2_1_Printf.elf.dir/Drivers/STM32F4xx_HAL_Driver/Src/stm32f4xx_hal_exti.c.obj
LOAD CMakeFiles/2_1_Printf.elf.dir/Drivers/STM32F4xx_HAL_Driver/Src/stm32f4xx_hal_flash.c.obj
LOAD CMakeFiles/2_1_Printf.elf.dir/Drivers/STM32F4xx_HAL_Driver/Src/stm32f4xx_hal_flash_ex.c.obj
LOAD CMakeFiles/2_1_Printf.elf.dir/Drivers/STM32F4xx_HAL_Driver/Src/stm32f4xx_hal_flash_ramfunc.c.obj
LOAD CMakeFiles/2_1_Printf.elf.dir/Drivers/STM32F4xx_HAL_Driver/Src/stm32f4xx_hal_gpio.c.obj
LOAD CMakeFiles/2_1_Printf.elf.dir/Drivers/STM32F4xx_HAL_Driver/Src/stm32f4xx_hal_pwr.c.obj
LOAD CMakeFiles/2_1_Printf.elf.dir/Drivers/STM32F4xx_HAL_Driver/Src/stm32f4xx_hal_pwr_ex.c.obj
LOAD CMakeFiles/2_1_Printf.elf.dir/Drivers/STM32F4xx_HAL_Driver/Src/stm32f4xx_hal_rcc.c.obj
LOAD CMakeFiles/2_1_Printf.elf.dir/Drivers/STM32F4xx_HAL_Driver/Src/stm32f4xx_hal_rcc_ex.c.obj
LOAD CMakeFiles/2_1_Printf.elf.dir/Drivers/STM32F4xx_HAL_Driver/Src/stm32f4xx_hal_tim.c.obj
LOAD CMakeFiles/2_1_Printf.elf.dir/Drivers/STM32F4xx_HAL_Driver/Src/stm32f4xx_hal_tim_ex.c.obj
LOAD CMakeFiles/2_1_Printf.elf.dir/Drivers/STM32F4xx_HAL_Driver/Src/stm32f4xx_hal_uart.c.obj
LOAD CMakeFiles/2_1_Printf.elf.dir/User/Retarget.c.obj
START GROUP
LOAD c:/progra~2/gnuarm~1/102021~1.10/bin/../lib/gcc/arm-none-eabi/10.3.1/thumb/v7e-m/nofp\libgcc.a
LOAD c:/progra~2/gnuarm~1/102021~1.10/bin/../lib/gcc/arm-none-eabi/10.3.1/../../../../arm-none-eabi/lib/thumb/v7e-m/nofp\libg.a
LOAD c:/progra~2/gnuarm~1/102021~1.10/bin/../lib/gcc/arm-none-eabi/10.3.1/../../../../arm-none-eabi/lib/thumb/v7e-m/nofp\libc.a
END GROUP
LOAD c:/progra~2/gnuarm~1/102021~1.10/bin/../lib/gcc/arm-none-eabi/10.3.1/thumb/v7e-m/nofp/crtend.o
LOAD c:/progra~2/gnuarm~1/102021~1.10/bin/../lib/gcc/arm-none-eabi/10.3.1/thumb/v7e-m/nofp/crtn.o
                0x20020000                _estack = (ORIGIN (RAM) + LENGTH (RAM))
                0x00000200                _Min_Heap_Size = 0x200
                0x00000400                _Min_Stack_Size = 0x400

.isr_vector     0x08000000      0x188
                0x08000000                . = ALIGN (0x4)
 *(.isr_vector)
 .isr_vector    0x08000000      0x188 CMakeFiles/2_1_Printf.elf.dir/Core/Startup/startup_stm32f407zgtx.s.obj
                0x08000000                g_pfnVectors
                0x08000188                . = ALIGN (0x4)

.text           0x080001c0     0x3334
                0x080001c0                . = ALIGN (0x4)
 *(.text)
 .text          0x080001c0       0x40 c:/progra~2/gnuarm~1/102021~1.10/bin/../lib/gcc/arm-none-eabi/10.3.1/thumb/v7e-m/nofp/crtbegin.o
 .text          0x08000200       0x30 c:/progra~2/gnuarm~1/102021~1.10/bin/../lib/gcc/arm-none-eabi/10.3.1/thumb/v7e-m/nofp\libgcc.a(_aeabi_uldivmod.o)
                0x08000200                __aeabi_uldivmod
 .text          0x08000230      0x2d0 c:/progra~2/gnuarm~1/102021~1.10/bin/../lib/gcc/arm-none-eabi/10.3.1/thumb/v7e-m/nofp\libgcc.a(_udivmoddi4.o)
                0x08000230                __udivmoddi4
 .text          0x08000500        0x4 c:/progra~2/gnuarm~1/102021~1.10/bin/../lib/gcc/arm-none-eabi/10.3.1/thumb/v7e-m/nofp\libgcc.a(_dvmd_tls.o)
                0x08000500                __aeabi_idiv0
                0x08000500                __aeabi_ldiv0
 *fill*         0x08000504       0x3c 
 .text          0x08000540       0xdc c:/progra~2/gnuarm~1/102021~1.10/bin/../lib/gcc/arm-none-eabi/10.3.1/../../../../arm-none-eabi/lib/thumb/v7e-m/nofp\libg.a(lib_a-strlen.o)
                0x08000540                strlen
 *fill*         0x0800061c        0x4 
 .text          0x08000620       0xa0 c:/progra~2/gnuarm~1/102021~1.10/bin/../lib/gcc/arm-none-eabi/10.3.1/../../../../arm-none-eabi/lib/thumb/v7e-m/nofp\libg.a(lib_a-memchr.o)
                0x08000620                memchr
 .text          0x080006c0      0x134 c:/progra~2/gnuarm~1/102021~1.10/bin/../lib/gcc/arm-none-eabi/10.3.1/../../../../arm-none-eabi/lib/thumb/v7e-m/nofp\libg.a(lib_a-memcpy.o)
                0x080006c0                memcpy
 *(.text*)
 .text.MX_GPIO_Init
                0x080007f4       0x4c CMakeFiles/2_1_Printf.elf.dir/Core/Src/gpio.c.obj
                0x080007f4                MX_GPIO_Init
 .text.Error_Handler
                0x08000840        0x4 CMakeFiles/2_1_Printf.elf.dir/Core/Src/main.c.obj
                0x08000840                Error_Handler
 .text.SystemClock_Config
                0x08000844       0xa8 CMakeFiles/2_1_Printf.elf.dir/Core/Src/main.c.obj
                0x08000844                SystemClock_Config
 .text.main     0x080008ec       0x3c CMakeFiles/2_1_Printf.elf.dir/Core/Src/main.c.obj
                0x080008ec                main
 .text.HAL_MspInit
                0x08000928       0x38 CMakeFiles/2_1_Printf.elf.dir/Core/Src/stm32f4xx_hal_msp.c.obj
                0x08000928                HAL_MspInit
 .text.NMI_Handler
                0x08000960        0x2 CMakeFiles/2_1_Printf.elf.dir/Core/Src/stm32f4xx_it.c.obj
                0x08000960                NMI_Handler
 .text.HardFault_Handler
                0x08000962        0x2 CMakeFiles/2_1_Printf.elf.dir/Core/Src/stm32f4xx_it.c.obj
                0x08000962                HardFault_Handler
 .text.MemManage_Handler
                0x08000964        0x2 CMakeFiles/2_1_Printf.elf.dir/Core/Src/stm32f4xx_it.c.obj
                0x08000964                MemManage_Handler
 .text.BusFault_Handler
                0x08000966        0x2 CMakeFiles/2_1_Printf.elf.dir/Core/Src/stm32f4xx_it.c.obj
                0x08000966                BusFault_Handler
 .text.UsageFault_Handler
                0x08000968        0x2 CMakeFiles/2_1_Printf.elf.dir/Core/Src/stm32f4xx_it.c.obj
                0x08000968                UsageFault_Handler
 .text.SVC_Handler
                0x0800096a        0x2 CMakeFiles/2_1_Printf.elf.dir/Core/Src/stm32f4xx_it.c.obj
                0x0800096a                SVC_Handler
 .text.DebugMon_Handler
                0x0800096c        0x2 CMakeFiles/2_1_Printf.elf.dir/Core/Src/stm32f4xx_it.c.obj
                0x0800096c                DebugMon_Handler
 .text.PendSV_Handler
                0x0800096e        0x2 CMakeFiles/2_1_Printf.elf.dir/Core/Src/stm32f4xx_it.c.obj
                0x0800096e                PendSV_Handler
 .text.SysTick_Handler
                0x08000970        0x8 CMakeFiles/2_1_Printf.elf.dir/Core/Src/stm32f4xx_it.c.obj
                0x08000970                SysTick_Handler
 .text._sbrk    0x08000978       0x48 CMakeFiles/2_1_Printf.elf.dir/Core/Src/sysmem.c.obj
                0x08000978                _sbrk
 .text.SystemInit
                0x080009c0        0x2 CMakeFiles/2_1_Printf.elf.dir/Core/Src/system_stm32f4xx.c.obj
                0x080009c0                SystemInit
 *fill*         0x080009c2        0x2 
 .text.MX_USART1_UART_Init
                0x080009c4       0x34 CMakeFiles/2_1_Printf.elf.dir/Core/Src/usart.c.obj
                0x080009c4                MX_USART1_UART_Init
 .text.HAL_UART_MspInit
                0x080009f8       0x74 CMakeFiles/2_1_Printf.elf.dir/Core/Src/usart.c.obj
                0x080009f8                HAL_UART_MspInit
 .text.Reset_Handler
                0x08000a6c       0x50 CMakeFiles/2_1_Printf.elf.dir/Core/Startup/startup_stm32f407zgtx.s.obj
                0x08000a6c                Reset_Handler
 .text.Default_Handler
                0x08000abc        0x2 CMakeFiles/2_1_Printf.elf.dir/Core/Startup/startup_stm32f407zgtx.s.obj
                0x08000abc                RTC_Alarm_IRQHandler
                0x08000abc                HASH_RNG_IRQHandler
                0x08000abc                EXTI2_IRQHandler
                0x08000abc                TIM8_CC_IRQHandler
                0x08000abc                TIM1_CC_IRQHandler
                0x08000abc                DMA2_Stream5_IRQHandler
                0x08000abc                DMA1_Stream5_IRQHandler
                0x08000abc                PVD_IRQHandler
                0x08000abc                SDIO_IRQHandler
                0x08000abc                TAMP_STAMP_IRQHandler
                0x08000abc                CAN2_RX1_IRQHandler
                0x08000abc                EXTI3_IRQHandler
                0x08000abc                TIM8_TRG_COM_TIM14_IRQHandler
                0x08000abc                TIM1_UP_TIM10_IRQHandler
                0x08000abc                TIM8_UP_TIM13_IRQHandler
                0x08000abc                I2C3_ER_IRQHandler
                0x08000abc                EXTI0_IRQHandler
                0x08000abc                I2C2_EV_IRQHandler
                0x08000abc                DMA1_Stream2_IRQHandler
                0x08000abc                CAN1_RX0_IRQHandler
                0x08000abc                FPU_IRQHandler
                0x08000abc                OTG_HS_WKUP_IRQHandler
                0x08000abc                CAN2_SCE_IRQHandler
                0x08000abc                DMA2_Stream2_IRQHandler
                0x08000abc                SPI1_IRQHandler
                0x08000abc                TIM6_DAC_IRQHandler
                0x08000abc                TIM1_BRK_TIM9_IRQHandler
                0x08000abc                DCMI_IRQHandler
                0x08000abc                CAN2_RX0_IRQHandler
                0x08000abc                DMA2_Stream3_IRQHandler
                0x08000abc                USART6_IRQHandler
                0x08000abc                USART3_IRQHandler
                0x08000abc                CAN1_RX1_IRQHandler
                0x08000abc                UART5_IRQHandler
                0x08000abc                DMA2_Stream0_IRQHandler
                0x08000abc                TIM4_IRQHandler
                0x08000abc                I2C1_EV_IRQHandler
                0x08000abc                DMA1_Stream6_IRQHandler
                0x08000abc                DMA1_Stream1_IRQHandler
                0x08000abc                UART4_IRQHandler
                0x08000abc                TIM3_IRQHandler
                0x08000abc                RCC_IRQHandler
                0x08000abc                TIM8_BRK_TIM12_IRQHandler
                0x08000abc                Default_Handler
                0x08000abc                EXTI15_10_IRQHandler
                0x08000abc                ADC_IRQHandler
                0x08000abc                DMA1_Stream7_IRQHandler
                0x08000abc                TIM7_IRQHandler
                0x08000abc                CAN2_TX_IRQHandler
                0x08000abc                TIM5_IRQHandler
                0x08000abc                DMA2_Stream7_IRQHandler
                0x08000abc                I2C3_EV_IRQHandler
                0x08000abc                EXTI9_5_IRQHandler
                0x08000abc                RTC_WKUP_IRQHandler
                0x08000abc                ETH_WKUP_IRQHandler
                0x08000abc                SPI2_IRQHandler
                0x08000abc                OTG_HS_EP1_IN_IRQHandler
                0x08000abc                DMA1_Stream0_IRQHandler
                0x08000abc                CAN1_TX_IRQHandler
                0x08000abc                EXTI4_IRQHandler
                0x08000abc                FSMC_IRQHandler
                0x08000abc                ETH_IRQHandler
                0x08000abc                OTG_HS_EP1_OUT_IRQHandler
                0x08000abc                WWDG_IRQHandler
                0x08000abc                TIM2_IRQHandler
                0x08000abc                OTG_FS_WKUP_IRQHandler
                0x08000abc                TIM1_TRG_COM_TIM11_IRQHandler
                0x08000abc                OTG_HS_IRQHandler
                0x08000abc                EXTI1_IRQHandler
                0x08000abc                USART2_IRQHandler
                0x08000abc                I2C2_ER_IRQHandler
                0x08000abc                DMA2_Stream1_IRQHandler
                0x08000abc                CAN1_SCE_IRQHandler
                0x08000abc                FLASH_IRQHandler
                0x08000abc                DMA2_Stream4_IRQHandler
                0x08000abc                USART1_IRQHandler
                0x08000abc                OTG_FS_IRQHandler
                0x08000abc                SPI3_IRQHandler
                0x08000abc                DMA1_Stream4_IRQHandler
                0x08000abc                I2C1_ER_IRQHandler
                0x08000abc                DMA2_Stream6_IRQHandler
                0x08000abc                DMA1_Stream3_IRQHandler
 *fill*         0x08000abe        0x2 
 .text.HAL_InitTick
                0x08000ac0       0x4c CMakeFiles/2_1_Printf.elf.dir/Drivers/STM32F4xx_HAL_Driver/Src/stm32f4xx_hal.c.obj
                0x08000ac0                HAL_InitTick
 .text.HAL_Init
                0x08000b0c       0x34 CMakeFiles/2_1_Printf.elf.dir/Drivers/STM32F4xx_HAL_Driver/Src/stm32f4xx_hal.c.obj
                0x08000b0c                HAL_Init
 .text.HAL_IncTick
                0x08000b40       0x18 CMakeFiles/2_1_Printf.elf.dir/Drivers/STM32F4xx_HAL_Driver/Src/stm32f4xx_hal.c.obj
                0x08000b40                HAL_IncTick
 .text.HAL_GetTick
                0x08000b58        0xc CMakeFiles/2_1_Printf.elf.dir/Drivers/STM32F4xx_HAL_Driver/Src/stm32f4xx_hal.c.obj
                0x08000b58                HAL_GetTick
 .text.HAL_Delay
                0x08000b64       0x28 CMakeFiles/2_1_Printf.elf.dir/Drivers/STM32F4xx_HAL_Driver/Src/stm32f4xx_hal.c.obj
                0x08000b64                HAL_Delay
 .text.HAL_NVIC_SetPriorityGrouping
                0x08000b8c       0x24 CMakeFiles/2_1_Printf.elf.dir/Drivers/STM32F4xx_HAL_Driver/Src/stm32f4xx_hal_cortex.c.obj
                0x08000b8c                HAL_NVIC_SetPriorityGrouping
 .text.HAL_NVIC_SetPriority
                0x08000bb0       0x70 CMakeFiles/2_1_Printf.elf.dir/Drivers/STM32F4xx_HAL_Driver/Src/stm32f4xx_hal_cortex.c.obj
                0x08000bb0                HAL_NVIC_SetPriority
 .text.HAL_SYSTICK_Config
                0x08000c20       0x28 CMakeFiles/2_1_Printf.elf.dir/Drivers/STM32F4xx_HAL_Driver/Src/stm32f4xx_hal_cortex.c.obj
                0x08000c20                HAL_SYSTICK_Config
 .text.HAL_GPIO_Init
                0x08000c48      0x1e4 CMakeFiles/2_1_Printf.elf.dir/Drivers/STM32F4xx_HAL_Driver/Src/stm32f4xx_hal_gpio.c.obj
                0x08000c48                HAL_GPIO_Init
 .text.HAL_RCC_OscConfig
                0x08000e2c      0x3f8 CMakeFiles/2_1_Printf.elf.dir/Drivers/STM32F4xx_HAL_Driver/Src/stm32f4xx_hal_rcc.c.obj
                0x08000e2c                HAL_RCC_OscConfig
 .text.HAL_RCC_GetSysClockFreq
                0x08001224       0xd4 CMakeFiles/2_1_Printf.elf.dir/Drivers/STM32F4xx_HAL_Driver/Src/stm32f4xx_hal_rcc.c.obj
                0x08001224                HAL_RCC_GetSysClockFreq
 .text.HAL_RCC_ClockConfig
                0x080012f8      0x160 CMakeFiles/2_1_Printf.elf.dir/Drivers/STM32F4xx_HAL_Driver/Src/stm32f4xx_hal_rcc.c.obj
                0x080012f8                HAL_RCC_ClockConfig
 .text.HAL_RCC_GetHCLKFreq
                0x08001458        0xc CMakeFiles/2_1_Printf.elf.dir/Drivers/STM32F4xx_HAL_Driver/Src/stm32f4xx_hal_rcc.c.obj
                0x08001458                HAL_RCC_GetHCLKFreq
 .text.HAL_RCC_GetPCLK1Freq
                0x08001464       0x20 CMakeFiles/2_1_Printf.elf.dir/Drivers/STM32F4xx_HAL_Driver/Src/stm32f4xx_hal_rcc.c.obj
                0x08001464                HAL_RCC_GetPCLK1Freq
 .text.HAL_RCC_GetPCLK2Freq
                0x08001484       0x20 CMakeFiles/2_1_Printf.elf.dir/Drivers/STM32F4xx_HAL_Driver/Src/stm32f4xx_hal_rcc.c.obj
                0x08001484                HAL_RCC_GetPCLK2Freq
 .text.UART_SetConfig
                0x080014a4      0x110 CMakeFiles/2_1_Printf.elf.dir/Drivers/STM32F4xx_HAL_Driver/Src/stm32f4xx_hal_uart.c.obj
 .text.UART_WaitOnFlagUntilTimeout
                0x080015b4       0x88 CMakeFiles/2_1_Printf.elf.dir/Drivers/STM32F4xx_HAL_Driver/Src/stm32f4xx_hal_uart.c.obj
 .text.HAL_UART_Init
                0x0800163c       0x5e CMakeFiles/2_1_Printf.elf.dir/Drivers/STM32F4xx_HAL_Driver/Src/stm32f4xx_hal_uart.c.obj
                0x0800163c                HAL_UART_Init
 .text.HAL_UART_Transmit
                0x0800169a       0xd8 CMakeFiles/2_1_Printf.elf.dir/Drivers/STM32F4xx_HAL_Driver/Src/stm32f4xx_hal_uart.c.obj
                0x0800169a                HAL_UART_Transmit
 .text.HAL_UART_Receive
                0x08001772       0xe4 CMakeFiles/2_1_Printf.elf.dir/Drivers/STM32F4xx_HAL_Driver/Src/stm32f4xx_hal_uart.c.obj
                0x08001772                HAL_UART_Receive
 *fill*         0x08001856        0x2 
 .text.RetargetInit
                0x08001858       0x20 CMakeFiles/2_1_Printf.elf.dir/User/Retarget.c.obj
                0x08001858                RetargetInit
 .text._isatty  0x08001878       0x16 CMakeFiles/2_1_Printf.elf.dir/User/Retarget.c.obj
                0x08001878                _isatty
 *fill*         0x0800188e        0x2 
 .text._write   0x08001890       0x34 CMakeFiles/2_1_Printf.elf.dir/User/Retarget.c.obj
                0x08001890                _write
 .text._close   0x080018c4       0x18 CMakeFiles/2_1_Printf.elf.dir/User/Retarget.c.obj
                0x080018c4                _close
 .text._lseek   0x080018dc       0x10 CMakeFiles/2_1_Printf.elf.dir/User/Retarget.c.obj
                0x080018dc                _lseek
 .text._read    0x080018ec       0x30 CMakeFiles/2_1_Printf.elf.dir/User/Retarget.c.obj
                0x080018ec                _read
 .text._fstat   0x0800191c       0x1a CMakeFiles/2_1_Printf.elf.dir/User/Retarget.c.obj
                0x0800191c                _fstat
 *fill*         0x08001936        0x2 
 .text.__errno  0x08001938        0xc c:/progra~2/gnuarm~1/102021~1.10/bin/../lib/gcc/arm-none-eabi/10.3.1/../../../../arm-none-eabi/lib/thumb/v7e-m/nofp\libg.a(lib_a-errno.o)
                0x08001938                __errno
 .text.__libc_init_array
                0x08001944       0x48 c:/progra~2/gnuarm~1/102021~1.10/bin/../lib/gcc/arm-none-eabi/10.3.1/../../../../arm-none-eabi/lib/thumb/v7e-m/nofp\libg.a(lib_a-init.o)
                0x08001944                __libc_init_array
 .text.memset   0x0800198c       0xa4 c:/progra~2/gnuarm~1/102021~1.10/bin/../lib/gcc/arm-none-eabi/10.3.1/../../../../arm-none-eabi/lib/thumb/v7e-m/nofp\libg.a(lib_a-memset.o)
                0x0800198c                memset
 .text._puts_r  0x08001a30       0x9c c:/progra~2/gnuarm~1/102021~1.10/bin/../lib/gcc/arm-none-eabi/10.3.1/../../../../arm-none-eabi/lib/thumb/v7e-m/nofp\libg.a(lib_a-puts.o)
                0x08001a30                _puts_r
 .text.puts     0x08001acc       0x10 c:/progra~2/gnuarm~1/102021~1.10/bin/../lib/gcc/arm-none-eabi/10.3.1/../../../../arm-none-eabi/lib/thumb/v7e-m/nofp\libg.a(lib_a-puts.o)
                0x08001acc                puts
 .text.setvbuf  0x08001adc      0x1b0 c:/progra~2/gnuarm~1/102021~1.10/bin/../lib/gcc/arm-none-eabi/10.3.1/../../../../arm-none-eabi/lib/thumb/v7e-m/nofp\libg.a(lib_a-setvbuf.o)
                0x08001adc                setvbuf
 .text.startup.register_fini
                0x08001c8c       0x14 c:/progra~2/gnuarm~1/102021~1.10/bin/../lib/gcc/arm-none-eabi/10.3.1/../../../../arm-none-eabi/lib/thumb/v7e-m/nofp\libg.a(lib_a-__call_atexit.o)
 .text.atexit   0x08001ca0        0xc c:/progra~2/gnuarm~1/102021~1.10/bin/../lib/gcc/arm-none-eabi/10.3.1/../../../../arm-none-eabi/lib/thumb/v7e-m/nofp\libg.a(lib_a-atexit.o)
                0x08001ca0                atexit
 .text.__sflush_r
                0x08001cac      0x120 c:/progra~2/gnuarm~1/102021~1.10/bin/../lib/gcc/arm-none-eabi/10.3.1/../../../../arm-none-eabi/lib/thumb/v7e-m/nofp\libg.a(lib_a-fflush.o)
                0x08001cac                __sflush_r
 .text._fflush_r
                0x08001dcc       0x5c c:/progra~2/gnuarm~1/102021~1.10/bin/../lib/gcc/arm-none-eabi/10.3.1/../../../../arm-none-eabi/lib/thumb/v7e-m/nofp\libg.a(lib_a-fflush.o)
                0x08001dcc                _fflush_r
 .text._cleanup_r
                0x08001e28        0xc c:/progra~2/gnuarm~1/102021~1.10/bin/../lib/gcc/arm-none-eabi/10.3.1/../../../../arm-none-eabi/lib/thumb/v7e-m/nofp\libg.a(lib_a-findfp.o)
                0x08001e28                _cleanup_r
 .text.__sinit  0x08001e34      0x10c c:/progra~2/gnuarm~1/102021~1.10/bin/../lib/gcc/arm-none-eabi/10.3.1/../../../../arm-none-eabi/lib/thumb/v7e-m/nofp\libg.a(lib_a-findfp.o)
                0x08001e34                __sinit
 .text.__sfp_lock_acquire
                0x08001f40        0xc c:/progra~2/gnuarm~1/102021~1.10/bin/../lib/gcc/arm-none-eabi/10.3.1/../../../../arm-none-eabi/lib/thumb/v7e-m/nofp\libg.a(lib_a-findfp.o)
                0x08001f40                __sfp_lock_acquire
 .text.__sfp_lock_release
                0x08001f4c        0xc c:/progra~2/gnuarm~1/102021~1.10/bin/../lib/gcc/arm-none-eabi/10.3.1/../../../../arm-none-eabi/lib/thumb/v7e-m/nofp\libg.a(lib_a-findfp.o)
                0x08001f4c                __sfp_lock_release
 .text.__libc_fini_array
                0x08001f58       0x2c c:/progra~2/gnuarm~1/102021~1.10/bin/../lib/gcc/arm-none-eabi/10.3.1/../../../../arm-none-eabi/lib/thumb/v7e-m/nofp\libg.a(lib_a-fini.o)
                0x08001f58                __libc_fini_array
 .text._malloc_trim_r
                0x08001f84       0xa0 c:/progra~2/gnuarm~1/102021~1.10/bin/../lib/gcc/arm-none-eabi/10.3.1/../../../../arm-none-eabi/lib/thumb/v7e-m/nofp\libg.a(lib_a-freer.o)
                0x08001f84                _malloc_trim_r
 .text._free_r  0x08002024      0x20c c:/progra~2/gnuarm~1/102021~1.10/bin/../lib/gcc/arm-none-eabi/10.3.1/../../../../arm-none-eabi/lib/thumb/v7e-m/nofp\libg.a(lib_a-freer.o)
                0x08002024                _free_r
 .text.__sfvwrite_r
                0x08002230      0x2e8 c:/progra~2/gnuarm~1/102021~1.10/bin/../lib/gcc/arm-none-eabi/10.3.1/../../../../arm-none-eabi/lib/thumb/v7e-m/nofp\libg.a(lib_a-fvwrite.o)
                0x08002230                __sfvwrite_r
 .text._fwalk_reent
                0x08002518       0x48 c:/progra~2/gnuarm~1/102021~1.10/bin/../lib/gcc/arm-none-eabi/10.3.1/../../../../arm-none-eabi/lib/thumb/v7e-m/nofp\libg.a(lib_a-fwalk.o)
                0x08002518                _fwalk_reent
 .text.__retarget_lock_init_recursive
                0x08002560        0x4 c:/progra~2/gnuarm~1/102021~1.10/bin/../lib/gcc/arm-none-eabi/10.3.1/../../../../arm-none-eabi/lib/thumb/v7e-m/nofp\libg.a(lib_a-lock.o)
                0x08002560                __retarget_lock_init_recursive
 .text.__retarget_lock_close_recursive
                0x08002564        0x4 c:/progra~2/gnuarm~1/102021~1.10/bin/../lib/gcc/arm-none-eabi/10.3.1/../../../../arm-none-eabi/lib/thumb/v7e-m/nofp\libg.a(lib_a-lock.o)
                0x08002564                __retarget_lock_close_recursive
 .text.__retarget_lock_acquire_recursive
                0x08002568        0x4 c:/progra~2/gnuarm~1/102021~1.10/bin/../lib/gcc/arm-none-eabi/10.3.1/../../../../arm-none-eabi/lib/thumb/v7e-m/nofp\libg.a(lib_a-lock.o)
                0x08002568                __retarget_lock_acquire_recursive
 .text.__retarget_lock_release_recursive
                0x0800256c        0x4 c:/progra~2/gnuarm~1/102021~1.10/bin/../lib/gcc/arm-none-eabi/10.3.1/../../../../arm-none-eabi/lib/thumb/v7e-m/nofp\libg.a(lib_a-lock.o)
                0x0800256c                __retarget_lock_release_recursive
 .text.__smakebuf_r
                0x08002570       0xe0 c:/progra~2/gnuarm~1/102021~1.10/bin/../lib/gcc/arm-none-eabi/10.3.1/../../../../arm-none-eabi/lib/thumb/v7e-m/nofp\libg.a(lib_a-makebuf.o)
                0x08002570                __smakebuf_r
 .text.__swhatbuf_r
                0x08002650       0x60 c:/progra~2/gnuarm~1/102021~1.10/bin/../lib/gcc/arm-none-eabi/10.3.1/../../../../arm-none-eabi/lib/thumb/v7e-m/nofp\libg.a(lib_a-makebuf.o)
                0x08002650                __swhatbuf_r
 .text.malloc   0x080026b0       0x10 c:/progra~2/gnuarm~1/102021~1.10/bin/../lib/gcc/arm-none-eabi/10.3.1/../../../../arm-none-eabi/lib/thumb/v7e-m/nofp\libg.a(lib_a-malloc.o)
                0x080026b0                malloc
 .text._malloc_r
                0x080026c0      0x560 c:/progra~2/gnuarm~1/102021~1.10/bin/../lib/gcc/arm-none-eabi/10.3.1/../../../../arm-none-eabi/lib/thumb/v7e-m/nofp\libg.a(lib_a-mallocr.o)
                0x080026c0                _malloc_r
 .text.memmove  0x08002c20       0xf8 c:/progra~2/gnuarm~1/102021~1.10/bin/../lib/gcc/arm-none-eabi/10.3.1/../../../../arm-none-eabi/lib/thumb/v7e-m/nofp\libg.a(lib_a-memmove.o)
                0x08002c20                memmove
 .text.__malloc_lock
                0x08002d18        0xc c:/progra~2/gnuarm~1/102021~1.10/bin/../lib/gcc/arm-none-eabi/10.3.1/../../../../arm-none-eabi/lib/thumb/v7e-m/nofp\libg.a(lib_a-mlock.o)
                0x08002d18                __malloc_lock
 .text.__malloc_unlock
                0x08002d24        0xc c:/progra~2/gnuarm~1/102021~1.10/bin/../lib/gcc/arm-none-eabi/10.3.1/../../../../arm-none-eabi/lib/thumb/v7e-m/nofp\libg.a(lib_a-mlock.o)
                0x08002d24                __malloc_unlock
 .text._realloc_r
                0x08002d30      0x3d8 c:/progra~2/gnuarm~1/102021~1.10/bin/../lib/gcc/arm-none-eabi/10.3.1/../../../../arm-none-eabi/lib/thumb/v7e-m/nofp\libg.a(lib_a-reallocr.o)
                0x08002d30                _realloc_r
 .text._sbrk_r  0x08003108       0x24 c:/progra~2/gnuarm~1/102021~1.10/bin/../lib/gcc/arm-none-eabi/10.3.1/../../../../arm-none-eabi/lib/thumb/v7e-m/nofp\libg.a(lib_a-sbrkr.o)
                0x08003108                _sbrk_r
 .text.__sread  0x0800312c       0x24 c:/progra~2/gnuarm~1/102021~1.10/bin/../lib/gcc/arm-none-eabi/10.3.1/../../../../arm-none-eabi/lib/thumb/v7e-m/nofp\libg.a(lib_a-stdio.o)
                0x0800312c                __sread
 .text.__swrite
                0x08003150       0x40 c:/progra~2/gnuarm~1/102021~1.10/bin/../lib/gcc/arm-none-eabi/10.3.1/../../../../arm-none-eabi/lib/thumb/v7e-m/nofp\libg.a(lib_a-stdio.o)
                0x08003150                __swrite
 .text.__sseek  0x08003190       0x20 c:/progra~2/gnuarm~1/102021~1.10/bin/../lib/gcc/arm-none-eabi/10.3.1/../../../../arm-none-eabi/lib/thumb/v7e-m/nofp\libg.a(lib_a-stdio.o)
                0x08003190                __sseek
 .text.__sclose
                0x080031b0        0x8 c:/progra~2/gnuarm~1/102021~1.10/bin/../lib/gcc/arm-none-eabi/10.3.1/../../../../arm-none-eabi/lib/thumb/v7e-m/nofp\libg.a(lib_a-stdio.o)
                0x080031b0                __sclose
 .text._write_r
                0x080031b8       0x2c c:/progra~2/gnuarm~1/102021~1.10/bin/../lib/gcc/arm-none-eabi/10.3.1/../../../../arm-none-eabi/lib/thumb/v7e-m/nofp\libg.a(lib_a-writer.o)
                0x080031b8                _write_r
 .text.__swsetup_r
                0x080031e4       0xd4 c:/progra~2/gnuarm~1/102021~1.10/bin/../lib/gcc/arm-none-eabi/10.3.1/../../../../arm-none-eabi/lib/thumb/v7e-m/nofp\libg.a(lib_a-wsetup.o)
                0x080031e4                __swsetup_r
 .text.__register_exitproc
                0x080032b8       0x8c c:/progra~2/gnuarm~1/102021~1.10/bin/../lib/gcc/arm-none-eabi/10.3.1/../../../../arm-none-eabi/lib/thumb/v7e-m/nofp\libg.a(lib_a-__atexit.o)
                0x080032b8                __register_exitproc
 .text._close_r
                0x08003344       0x24 c:/progra~2/gnuarm~1/102021~1.10/bin/../lib/gcc/arm-none-eabi/10.3.1/../../../../arm-none-eabi/lib/thumb/v7e-m/nofp\libg.a(lib_a-closer.o)
                0x08003344                _close_r
 .text._fclose_r
                0x08003368       0xcc c:/progra~2/gnuarm~1/102021~1.10/bin/../lib/gcc/arm-none-eabi/10.3.1/../../../../arm-none-eabi/lib/thumb/v7e-m/nofp\libg.a(lib_a-fclose.o)
                0x08003368                _fclose_r
 .text._fstat_r
                0x08003434       0x2c c:/progra~2/gnuarm~1/102021~1.10/bin/../lib/gcc/arm-none-eabi/10.3.1/../../../../arm-none-eabi/lib/thumb/v7e-m/nofp\libg.a(lib_a-fstatr.o)
                0x08003434                _fstat_r
 .text._isatty_r
                0x08003460       0x24 c:/progra~2/gnuarm~1/102021~1.10/bin/../lib/gcc/arm-none-eabi/10.3.1/../../../../arm-none-eabi/lib/thumb/v7e-m/nofp\libg.a(lib_a-isattyr.o)
                0x08003460                _isatty_r
 .text._lseek_r
                0x08003484       0x2c c:/progra~2/gnuarm~1/102021~1.10/bin/../lib/gcc/arm-none-eabi/10.3.1/../../../../arm-none-eabi/lib/thumb/v7e-m/nofp\libg.a(lib_a-lseekr.o)
                0x08003484                _lseek_r
 .text._read_r  0x080034b0       0x2c c:/progra~2/gnuarm~1/102021~1.10/bin/../lib/gcc/arm-none-eabi/10.3.1/../../../../arm-none-eabi/lib/thumb/v7e-m/nofp\libg.a(lib_a-readr.o)
                0x080034b0                _read_r
 *(.glue_7)
 .glue_7        0x080034dc        0x0 linker stubs
 *(.glue_7t)
 .glue_7t       0x080034dc        0x0 linker stubs
 *(.eh_frame)
 .eh_frame      0x080034dc        0x0 c:/progra~2/gnuarm~1/102021~1.10/bin/../lib/gcc/arm-none-eabi/10.3.1/thumb/v7e-m/nofp/crtbegin.o
 *(.init)
 .init          0x080034dc        0x4 c:/progra~2/gnuarm~1/102021~1.10/bin/../lib/gcc/arm-none-eabi/10.3.1/thumb/v7e-m/nofp/crti.o
                0x080034dc                _init
 .init          0x080034e0        0x8 c:/progra~2/gnuarm~1/102021~1.10/bin/../lib/gcc/arm-none-eabi/10.3.1/thumb/v7e-m/nofp/crtn.o
 *(.fini)
 .fini          0x080034e8        0x4 c:/progra~2/gnuarm~1/102021~1.10/bin/../lib/gcc/arm-none-eabi/10.3.1/thumb/v7e-m/nofp/crti.o
                0x080034e8                _fini
 .fini          0x080034ec        0x8 c:/progra~2/gnuarm~1/102021~1.10/bin/../lib/gcc/arm-none-eabi/10.3.1/thumb/v7e-m/nofp/crtn.o
                0x080034f4                . = ALIGN (0x4)
                0x080034f4                _etext = .

.vfp11_veneer   0x080034f4        0x0
 .vfp11_veneer  0x080034f4        0x0 linker stubs

.v4_bx          0x080034f4        0x0
 .v4_bx         0x080034f4        0x0 linker stubs

.iplt           0x080034f4        0x0
 .iplt          0x080034f4        0x0 c:/progra~2/gnuarm~1/102021~1.10/bin/../lib/gcc/arm-none-eabi/10.3.1/thumb/v7e-m/nofp/crtbegin.o

.rodata         0x080034f4       0x60
                0x080034f4                . = ALIGN (0x4)
 *(.rodata)
 *(.rodata*)
 .rodata.main.str1.4
                0x080034f4       0x3f CMakeFiles/2_1_Printf.elf.dir/Core/Src/main.c.obj
 *fill*         0x08003533        0x1 
 .rodata.AHBPrescTable
                0x08003534       0x10 CMakeFiles/2_1_Printf.elf.dir/Core/Src/system_stm32f4xx.c.obj
                0x08003534                AHBPrescTable
 .rodata.APBPrescTable
                0x08003544        0x8 CMakeFiles/2_1_Printf.elf.dir/Core/Src/system_stm32f4xx.c.obj
                0x08003544                APBPrescTable
 .rodata._global_impure_ptr
                0x0800354c        0x4 c:/progra~2/gnuarm~1/102021~1.10/bin/../lib/gcc/arm-none-eabi/10.3.1/../../../../arm-none-eabi/lib/thumb/v7e-m/nofp\libg.a(lib_a-impure.o)
                0x0800354c                _global_impure_ptr
 .rodata._puts_r.str1.4
                0x08003550        0x2 c:/progra~2/gnuarm~1/102021~1.10/bin/../lib/gcc/arm-none-eabi/10.3.1/../../../../arm-none-eabi/lib/thumb/v7e-m/nofp\libg.a(lib_a-puts.o)
                0x08003554                . = ALIGN (0x4)
 *fill*         0x08003552        0x2 

.ARM.extab      0x08003554        0x0
                0x08003554                . = ALIGN (0x4)
 *(.ARM.extab* .gnu.linkonce.armextab.*)
                0x08003554                . = ALIGN (0x4)

.ARM            0x08003554        0x8
                0x08003554                . = ALIGN (0x4)
                0x08003554                __exidx_start = .
 *(.ARM.exidx*)
 .ARM.exidx     0x08003554        0x8 c:/progra~2/gnuarm~1/102021~1.10/bin/../lib/gcc/arm-none-eabi/10.3.1/thumb/v7e-m/nofp\libgcc.a(_udivmoddi4.o)
                0x0800355c                __exidx_end = .
                0x0800355c                . = ALIGN (0x4)

.rel.dyn        0x0800355c        0x0
 .rel.iplt      0x0800355c        0x0 c:/progra~2/gnuarm~1/102021~1.10/bin/../lib/gcc/arm-none-eabi/10.3.1/thumb/v7e-m/nofp/crtbegin.o

.preinit_array  0x0800355c        0x0
                0x0800355c                . = ALIGN (0x4)
                0x0800355c                PROVIDE (__preinit_array_start = .)
 *(.preinit_array*)
                0x0800355c                PROVIDE (__preinit_array_end = .)
                0x0800355c                . = ALIGN (0x4)

.init_array     0x0800355c        0x8
                0x0800355c                . = ALIGN (0x4)
                0x0800355c                PROVIDE (__init_array_start = .)
 *(SORT_BY_NAME(.init_array.*))
 .init_array.00000
                0x0800355c        0x4 c:/progra~2/gnuarm~1/102021~1.10/bin/../lib/gcc/arm-none-eabi/10.3.1/../../../../arm-none-eabi/lib/thumb/v7e-m/nofp\libg.a(lib_a-__call_atexit.o)
 *(.init_array*)
 .init_array    0x08003560        0x4 c:/progra~2/gnuarm~1/102021~1.10/bin/../lib/gcc/arm-none-eabi/10.3.1/thumb/v7e-m/nofp/crtbegin.o
                0x08003564                PROVIDE (__init_array_end = .)
                0x08003564                . = ALIGN (0x4)

.fini_array     0x08003564        0x4
                0x08003564                . = ALIGN (0x4)
                0x08003564                PROVIDE (__fini_array_start = .)
 *(SORT_BY_NAME(.fini_array.*))
 *(.fini_array*)
 .fini_array    0x08003564        0x4 c:/progra~2/gnuarm~1/102021~1.10/bin/../lib/gcc/arm-none-eabi/10.3.1/thumb/v7e-m/nofp/crtbegin.o
                0x08003568                PROVIDE (__fini_array_end = .)
                0x08003568                . = ALIGN (0x4)
                0x08003568                _sidata = LOADADDR (.data)

.data           0x20000000      0x84c load address 0x08003568
                0x20000000                . = ALIGN (0x4)
                0x20000000                _sdata = .
 *(.data)
 *(.data*)
 .data.SystemCoreClock
                0x20000000        0x4 CMakeFiles/2_1_Printf.elf.dir/Core/Src/system_stm32f4xx.c.obj
                0x20000000                SystemCoreClock
 .data.uwTickFreq
                0x20000004        0x1 CMakeFiles/2_1_Printf.elf.dir/Drivers/STM32F4xx_HAL_Driver/Src/stm32f4xx_hal.c.obj
                0x20000004                uwTickFreq
 *fill*         0x20000005        0x3 
 .data.uwTickPrio
                0x20000008        0x4 CMakeFiles/2_1_Printf.elf.dir/Drivers/STM32F4xx_HAL_Driver/Src/stm32f4xx_hal.c.obj
                0x20000008                uwTickPrio
 .data._impure_ptr
                0x2000000c        0x4 c:/progra~2/gnuarm~1/102021~1.10/bin/../lib/gcc/arm-none-eabi/10.3.1/../../../../arm-none-eabi/lib/thumb/v7e-m/nofp\libg.a(lib_a-impure.o)
                0x2000000c                _impure_ptr
 .data.impure_data
                0x20000010      0x428 c:/progra~2/gnuarm~1/102021~1.10/bin/../lib/gcc/arm-none-eabi/10.3.1/../../../../arm-none-eabi/lib/thumb/v7e-m/nofp\libg.a(lib_a-impure.o)
 .data.__atexit_recursive_mutex
                0x20000438        0x4 c:/progra~2/gnuarm~1/102021~1.10/bin/../lib/gcc/arm-none-eabi/10.3.1/../../../../arm-none-eabi/lib/thumb/v7e-m/nofp\libg.a(lib_a-__call_atexit.o)
                0x20000438                __atexit_recursive_mutex
 .data.__malloc_av_
                0x2000043c      0x408 c:/progra~2/gnuarm~1/102021~1.10/bin/../lib/gcc/arm-none-eabi/10.3.1/../../../../arm-none-eabi/lib/thumb/v7e-m/nofp\libg.a(lib_a-mallocr.o)
                0x2000043c                __malloc_av_
 .data.__malloc_sbrk_base
                0x20000844        0x4 c:/progra~2/gnuarm~1/102021~1.10/bin/../lib/gcc/arm-none-eabi/10.3.1/../../../../arm-none-eabi/lib/thumb/v7e-m/nofp\libg.a(lib_a-mallocr.o)
                0x20000844                __malloc_sbrk_base
 .data.__malloc_trim_threshold
                0x20000848        0x4 c:/progra~2/gnuarm~1/102021~1.10/bin/../lib/gcc/arm-none-eabi/10.3.1/../../../../arm-none-eabi/lib/thumb/v7e-m/nofp\libg.a(lib_a-mallocr.o)
                0x20000848                __malloc_trim_threshold
 *(.RamFunc)
 *(.RamFunc*)
                0x2000084c                . = ALIGN (0x4)
                0x2000084c                _edata = .
                0x08003db4                _siccmram = LOADADDR (.ccmram)

.igot.plt       0x2000084c        0x0 load address 0x08003db4
 .igot.plt      0x2000084c        0x0 c:/progra~2/gnuarm~1/102021~1.10/bin/../lib/gcc/arm-none-eabi/10.3.1/thumb/v7e-m/nofp/crtbegin.o

.ccmram         0x10000000        0x0 load address 0x08003db4
                0x10000000                . = ALIGN (0x4)
                0x10000000                _sccmram = .
 *(.ccmram)
 *(.ccmram*)
                0x10000000                . = ALIGN (0x4)
                0x10000000                _eccmram = .
                0x10000000                . = ALIGN (0x4)

.bss            0x2000084c       0xb4
                0x2000084c                _sbss = .
                0x2000084c                __bss_start__ = _sbss
 *(.bss)
 .bss           0x2000084c       0x1c c:/progra~2/gnuarm~1/102021~1.10/bin/../lib/gcc/arm-none-eabi/10.3.1/thumb/v7e-m/nofp/crtbegin.o
 *(.bss*)
 .bss.__sbrk_heap_end
                0x20000868        0x4 CMakeFiles/2_1_Printf.elf.dir/Core/Src/sysmem.c.obj
 .bss.huart1    0x2000086c       0x44 CMakeFiles/2_1_Printf.elf.dir/Core/Src/usart.c.obj
                0x2000086c                huart1
 .bss.uwTick    0x200008b0        0x4 CMakeFiles/2_1_Printf.elf.dir/Drivers/STM32F4xx_HAL_Driver/Src/stm32f4xx_hal.c.obj
                0x200008b0                uwTick
 .bss.gHuart    0x200008b4        0x4 CMakeFiles/2_1_Printf.elf.dir/User/Retarget.c.obj
                0x200008b4                gHuart
 .bss.__lock___atexit_recursive_mutex
                0x200008b8        0x1 c:/progra~2/gnuarm~1/102021~1.10/bin/../lib/gcc/arm-none-eabi/10.3.1/../../../../arm-none-eabi/lib/thumb/v7e-m/nofp\libg.a(lib_a-lock.o)
                0x200008b8                __lock___atexit_recursive_mutex
 *fill*         0x200008b9        0x3 
 .bss.__lock___malloc_recursive_mutex
                0x200008bc        0x1 c:/progra~2/gnuarm~1/102021~1.10/bin/../lib/gcc/arm-none-eabi/10.3.1/../../../../arm-none-eabi/lib/thumb/v7e-m/nofp\libg.a(lib_a-lock.o)
                0x200008bc                __lock___malloc_recursive_mutex
 *fill*         0x200008bd        0x3 
 .bss.__lock___sfp_recursive_mutex
                0x200008c0        0x1 c:/progra~2/gnuarm~1/102021~1.10/bin/../lib/gcc/arm-none-eabi/10.3.1/../../../../arm-none-eabi/lib/thumb/v7e-m/nofp\libg.a(lib_a-lock.o)
                0x200008c0                __lock___sfp_recursive_mutex
 *fill*         0x200008c1        0x3 
 .bss.__lock___sinit_recursive_mutex
                0x200008c4        0x1 c:/progra~2/gnuarm~1/102021~1.10/bin/../lib/gcc/arm-none-eabi/10.3.1/../../../../arm-none-eabi/lib/thumb/v7e-m/nofp\libg.a(lib_a-lock.o)
                0x200008c4                __lock___sinit_recursive_mutex
 *fill*         0x200008c5        0x3 
 .bss.__malloc_current_mallinfo
                0x200008c8       0x28 c:/progra~2/gnuarm~1/102021~1.10/bin/../lib/gcc/arm-none-eabi/10.3.1/../../../../arm-none-eabi/lib/thumb/v7e-m/nofp\libg.a(lib_a-mallocr.o)
                0x200008c8                __malloc_current_mallinfo
 .bss.__malloc_max_sbrked_mem
                0x200008f0        0x4 c:/progra~2/gnuarm~1/102021~1.10/bin/../lib/gcc/arm-none-eabi/10.3.1/../../../../arm-none-eabi/lib/thumb/v7e-m/nofp\libg.a(lib_a-mallocr.o)
                0x200008f0                __malloc_max_sbrked_mem
 .bss.__malloc_max_total_mem
                0x200008f4        0x4 c:/progra~2/gnuarm~1/102021~1.10/bin/../lib/gcc/arm-none-eabi/10.3.1/../../../../arm-none-eabi/lib/thumb/v7e-m/nofp\libg.a(lib_a-mallocr.o)
                0x200008f4                __malloc_max_total_mem
 .bss.__malloc_top_pad
                0x200008f8        0x4 c:/progra~2/gnuarm~1/102021~1.10/bin/../lib/gcc/arm-none-eabi/10.3.1/../../../../arm-none-eabi/lib/thumb/v7e-m/nofp\libg.a(lib_a-mallocr.o)
                0x200008f8                __malloc_top_pad
 .bss.errno     0x200008fc        0x4 c:/progra~2/gnuarm~1/102021~1.10/bin/../lib/gcc/arm-none-eabi/10.3.1/../../../../arm-none-eabi/lib/thumb/v7e-m/nofp\libg.a(lib_a-reent.o)
                0x200008fc                errno
 *(COMMON)
                0x20000900                . = ALIGN (0x4)
                0x20000900                _ebss = .
                0x20000900                __bss_end__ = _ebss

._user_heap_stack
                0x20000900      0x600
                0x20000900                . = ALIGN (0x8)
                [!provide]                PROVIDE (end = .)
                0x20000900                PROVIDE (_end = .)
                0x20000b00                . = (. + _Min_Heap_Size)
 *fill*         0x20000900      0x200 
                0x20000f00                . = (. + _Min_Stack_Size)
 *fill*         0x20000b00      0x400 
                0x20000f00                . = ALIGN (0x8)

/DISCARD/
 libc.a(*)
 libm.a(*)
 libgcc.a(*)

.ARM.attributes
                0x00000000       0x2a
 *(.ARM.attributes)
 .ARM.attributes
                0x00000000       0x1e c:/progra~2/gnuarm~1/102021~1.10/bin/../lib/gcc/arm-none-eabi/10.3.1/thumb/v7e-m/nofp/crti.o
 .ARM.attributes
                0x0000001e       0x2e c:/progra~2/gnuarm~1/102021~1.10/bin/../lib/gcc/arm-none-eabi/10.3.1/thumb/v7e-m/nofp/crtbegin.o
 .ARM.attributes
                0x0000004c       0x2e CMakeFiles/2_1_Printf.elf.dir/Core/Src/gpio.c.obj
 .ARM.attributes
                0x0000007a       0x2e CMakeFiles/2_1_Printf.elf.dir/Core/Src/main.c.obj
 .ARM.attributes
                0x000000a8       0x2e CMakeFiles/2_1_Printf.elf.dir/Core/Src/stm32f4xx_hal_msp.c.obj
 .ARM.attributes
                0x000000d6       0x2e CMakeFiles/2_1_Printf.elf.dir/Core/Src/stm32f4xx_it.c.obj
 .ARM.attributes
                0x00000104       0x2e CMakeFiles/2_1_Printf.elf.dir/Core/Src/sysmem.c.obj
 .ARM.attributes
                0x00000132       0x2e CMakeFiles/2_1_Printf.elf.dir/Core/Src/system_stm32f4xx.c.obj
 .ARM.attributes
                0x00000160       0x2e CMakeFiles/2_1_Printf.elf.dir/Core/Src/usart.c.obj
 .ARM.attributes
                0x0000018e       0x21 CMakeFiles/2_1_Printf.elf.dir/Core/Startup/startup_stm32f407zgtx.s.obj
 .ARM.attributes
                0x000001af       0x2e CMakeFiles/2_1_Printf.elf.dir/Drivers/STM32F4xx_HAL_Driver/Src/stm32f4xx_hal.c.obj
 .ARM.attributes
                0x000001dd       0x2e CMakeFiles/2_1_Printf.elf.dir/Drivers/STM32F4xx_HAL_Driver/Src/stm32f4xx_hal_cortex.c.obj
 .ARM.attributes
                0x0000020b       0x2e CMakeFiles/2_1_Printf.elf.dir/Drivers/STM32F4xx_HAL_Driver/Src/stm32f4xx_hal_gpio.c.obj
 .ARM.attributes
                0x00000239       0x2e CMakeFiles/2_1_Printf.elf.dir/Drivers/STM32F4xx_HAL_Driver/Src/stm32f4xx_hal_rcc.c.obj
 .ARM.attributes
                0x00000267       0x2e CMakeFiles/2_1_Printf.elf.dir/Drivers/STM32F4xx_HAL_Driver/Src/stm32f4xx_hal_uart.c.obj
 .ARM.attributes
                0x00000295       0x2e CMakeFiles/2_1_Printf.elf.dir/User/Retarget.c.obj
 .ARM.attributes
                0x000002c3       0x1e c:/progra~2/gnuarm~1/102021~1.10/bin/../lib/gcc/arm-none-eabi/10.3.1/thumb/v7e-m/nofp\libgcc.a(_aeabi_uldivmod.o)
 .ARM.attributes
                0x000002e1       0x2e c:/progra~2/gnuarm~1/102021~1.10/bin/../lib/gcc/arm-none-eabi/10.3.1/thumb/v7e-m/nofp\libgcc.a(_udivmoddi4.o)
 .ARM.attributes
                0x0000030f       0x1e c:/progra~2/gnuarm~1/102021~1.10/bin/../lib/gcc/arm-none-eabi/10.3.1/thumb/v7e-m/nofp\libgcc.a(_dvmd_tls.o)
 .ARM.attributes
                0x0000032d       0x2e c:/progra~2/gnuarm~1/102021~1.10/bin/../lib/gcc/arm-none-eabi/10.3.1/../../../../arm-none-eabi/lib/thumb/v7e-m/nofp\libg.a(lib_a-errno.o)
 .ARM.attributes
                0x0000035b       0x2e c:/progra~2/gnuarm~1/102021~1.10/bin/../lib/gcc/arm-none-eabi/10.3.1/../../../../arm-none-eabi/lib/thumb/v7e-m/nofp\libg.a(lib_a-impure.o)
 .ARM.attributes
                0x00000389       0x2e c:/progra~2/gnuarm~1/102021~1.10/bin/../lib/gcc/arm-none-eabi/10.3.1/../../../../arm-none-eabi/lib/thumb/v7e-m/nofp\libg.a(lib_a-init.o)
 .ARM.attributes
                0x000003b7       0x2e c:/progra~2/gnuarm~1/102021~1.10/bin/../lib/gcc/arm-none-eabi/10.3.1/../../../../arm-none-eabi/lib/thumb/v7e-m/nofp\libg.a(lib_a-memset.o)
 .ARM.attributes
                0x000003e5       0x2e c:/progra~2/gnuarm~1/102021~1.10/bin/../lib/gcc/arm-none-eabi/10.3.1/../../../../arm-none-eabi/lib/thumb/v7e-m/nofp\libg.a(lib_a-puts.o)
 .ARM.attributes
                0x00000413       0x2e c:/progra~2/gnuarm~1/102021~1.10/bin/../lib/gcc/arm-none-eabi/10.3.1/../../../../arm-none-eabi/lib/thumb/v7e-m/nofp\libg.a(lib_a-setvbuf.o)
 .ARM.attributes
                0x00000441       0x1c c:/progra~2/gnuarm~1/102021~1.10/bin/../lib/gcc/arm-none-eabi/10.3.1/../../../../arm-none-eabi/lib/thumb/v7e-m/nofp\libg.a(lib_a-strlen.o)
 .ARM.attributes
                0x0000045d       0x2e c:/progra~2/gnuarm~1/102021~1.10/bin/../lib/gcc/arm-none-eabi/10.3.1/../../../../arm-none-eabi/lib/thumb/v7e-m/nofp\libg.a(lib_a-__call_atexit.o)
 .ARM.attributes
                0x0000048b       0x2e c:/progra~2/gnuarm~1/102021~1.10/bin/../lib/gcc/arm-none-eabi/10.3.1/../../../../arm-none-eabi/lib/thumb/v7e-m/nofp\libg.a(lib_a-atexit.o)
 .ARM.attributes
                0x000004b9       0x2e c:/progra~2/gnuarm~1/102021~1.10/bin/../lib/gcc/arm-none-eabi/10.3.1/../../../../arm-none-eabi/lib/thumb/v7e-m/nofp\libg.a(lib_a-fflush.o)
 .ARM.attributes
                0x000004e7       0x2e c:/progra~2/gnuarm~1/102021~1.10/bin/../lib/gcc/arm-none-eabi/10.3.1/../../../../arm-none-eabi/lib/thumb/v7e-m/nofp\libg.a(lib_a-findfp.o)
 .ARM.attributes
                0x00000515       0x2e c:/progra~2/gnuarm~1/102021~1.10/bin/../lib/gcc/arm-none-eabi/10.3.1/../../../../arm-none-eabi/lib/thumb/v7e-m/nofp\libg.a(lib_a-fini.o)
 .ARM.attributes
                0x00000543       0x2e c:/progra~2/gnuarm~1/102021~1.10/bin/../lib/gcc/arm-none-eabi/10.3.1/../../../../arm-none-eabi/lib/thumb/v7e-m/nofp\libg.a(lib_a-freer.o)
 .ARM.attributes
                0x00000571       0x2e c:/progra~2/gnuarm~1/102021~1.10/bin/../lib/gcc/arm-none-eabi/10.3.1/../../../../arm-none-eabi/lib/thumb/v7e-m/nofp\libg.a(lib_a-fvwrite.o)
 .ARM.attributes
                0x0000059f       0x2e c:/progra~2/gnuarm~1/102021~1.10/bin/../lib/gcc/arm-none-eabi/10.3.1/../../../../arm-none-eabi/lib/thumb/v7e-m/nofp\libg.a(lib_a-fwalk.o)
 .ARM.attributes
                0x000005cd       0x2e c:/progra~2/gnuarm~1/102021~1.10/bin/../lib/gcc/arm-none-eabi/10.3.1/../../../../arm-none-eabi/lib/thumb/v7e-m/nofp\libg.a(lib_a-lock.o)
 .ARM.attributes
                0x000005fb       0x2e c:/progra~2/gnuarm~1/102021~1.10/bin/../lib/gcc/arm-none-eabi/10.3.1/../../../../arm-none-eabi/lib/thumb/v7e-m/nofp\libg.a(lib_a-makebuf.o)
 .ARM.attributes
                0x00000629       0x2e c:/progra~2/gnuarm~1/102021~1.10/bin/../lib/gcc/arm-none-eabi/10.3.1/../../../../arm-none-eabi/lib/thumb/v7e-m/nofp\libg.a(lib_a-malloc.o)
 .ARM.attributes
                0x00000657       0x2e c:/progra~2/gnuarm~1/102021~1.10/bin/../lib/gcc/arm-none-eabi/10.3.1/../../../../arm-none-eabi/lib/thumb/v7e-m/nofp\libg.a(lib_a-mallocr.o)
 .ARM.attributes
                0x00000685       0x1c c:/progra~2/gnuarm~1/102021~1.10/bin/../lib/gcc/arm-none-eabi/10.3.1/../../../../arm-none-eabi/lib/thumb/v7e-m/nofp\libg.a(lib_a-memchr.o)
 .ARM.attributes
                0x000006a1       0x1c c:/progra~2/gnuarm~1/102021~1.10/bin/../lib/gcc/arm-none-eabi/10.3.1/../../../../arm-none-eabi/lib/thumb/v7e-m/nofp\libg.a(lib_a-memcpy.o)
 .ARM.attributes
                0x000006bd       0x2e c:/progra~2/gnuarm~1/102021~1.10/bin/../lib/gcc/arm-none-eabi/10.3.1/../../../../arm-none-eabi/lib/thumb/v7e-m/nofp\libg.a(lib_a-memmove.o)
 .ARM.attributes
                0x000006eb       0x2e c:/progra~2/gnuarm~1/102021~1.10/bin/../lib/gcc/arm-none-eabi/10.3.1/../../../../arm-none-eabi/lib/thumb/v7e-m/nofp\libg.a(lib_a-mlock.o)
 .ARM.attributes
                0x00000719       0x2e c:/progra~2/gnuarm~1/102021~1.10/bin/../lib/gcc/arm-none-eabi/10.3.1/../../../../arm-none-eabi/lib/thumb/v7e-m/nofp\libg.a(lib_a-reallocr.o)
 .ARM.attributes
                0x00000747       0x2e c:/progra~2/gnuarm~1/102021~1.10/bin/../lib/gcc/arm-none-eabi/10.3.1/../../../../arm-none-eabi/lib/thumb/v7e-m/nofp\libg.a(lib_a-sbrkr.o)
 .ARM.attributes
                0x00000775       0x2e c:/progra~2/gnuarm~1/102021~1.10/bin/../lib/gcc/arm-none-eabi/10.3.1/../../../../arm-none-eabi/lib/thumb/v7e-m/nofp\libg.a(lib_a-stdio.o)
 .ARM.attributes
                0x000007a3       0x2e c:/progra~2/gnuarm~1/102021~1.10/bin/../lib/gcc/arm-none-eabi/10.3.1/../../../../arm-none-eabi/lib/thumb/v7e-m/nofp\libg.a(lib_a-writer.o)
 .ARM.attributes
                0x000007d1       0x2e c:/progra~2/gnuarm~1/102021~1.10/bin/../lib/gcc/arm-none-eabi/10.3.1/../../../../arm-none-eabi/lib/thumb/v7e-m/nofp\libg.a(lib_a-wsetup.o)
 .ARM.attributes
                0x000007ff       0x2e c:/progra~2/gnuarm~1/102021~1.10/bin/../lib/gcc/arm-none-eabi/10.3.1/../../../../arm-none-eabi/lib/thumb/v7e-m/nofp\libg.a(lib_a-__atexit.o)
 .ARM.attributes
                0x0000082d       0x2e c:/progra~2/gnuarm~1/102021~1.10/bin/../lib/gcc/arm-none-eabi/10.3.1/../../../../arm-none-eabi/lib/thumb/v7e-m/nofp\libg.a(lib_a-closer.o)
 .ARM.attributes
                0x0000085b       0x2e c:/progra~2/gnuarm~1/102021~1.10/bin/../lib/gcc/arm-none-eabi/10.3.1/../../../../arm-none-eabi/lib/thumb/v7e-m/nofp\libg.a(lib_a-fclose.o)
 .ARM.attributes
                0x00000889       0x2e c:/progra~2/gnuarm~1/102021~1.10/bin/../lib/gcc/arm-none-eabi/10.3.1/../../../../arm-none-eabi/lib/thumb/v7e-m/nofp\libg.a(lib_a-fstatr.o)
 .ARM.attributes
                0x000008b7       0x2e c:/progra~2/gnuarm~1/102021~1.10/bin/../lib/gcc/arm-none-eabi/10.3.1/../../../../arm-none-eabi/lib/thumb/v7e-m/nofp\libg.a(lib_a-isattyr.o)
 .ARM.attributes
                0x000008e5       0x2e c:/progra~2/gnuarm~1/102021~1.10/bin/../lib/gcc/arm-none-eabi/10.3.1/../../../../arm-none-eabi/lib/thumb/v7e-m/nofp\libg.a(lib_a-lseekr.o)
 .ARM.attributes
                0x00000913       0x2e c:/progra~2/gnuarm~1/102021~1.10/bin/../lib/gcc/arm-none-eabi/10.3.1/../../../../arm-none-eabi/lib/thumb/v7e-m/nofp\libg.a(lib_a-readr.o)
 .ARM.attributes
                0x00000941       0x2e c:/progra~2/gnuarm~1/102021~1.10/bin/../lib/gcc/arm-none-eabi/10.3.1/../../../../arm-none-eabi/lib/thumb/v7e-m/nofp\libg.a(lib_a-reent.o)
 .ARM.attributes
                0x0000096f       0x1e c:/progra~2/gnuarm~1/102021~1.10/bin/../lib/gcc/arm-none-eabi/10.3.1/thumb/v7e-m/nofp/crtn.o
OUTPUT(2_1_Printf.elf elf32-littlearm)
LOAD linker stubs
LOAD c:/progra~2/gnuarm~1/102021~1.10/bin/../lib/gcc/arm-none-eabi/10.3.1/../../../../arm-none-eabi/lib/thumb/v7e-m/nofp\libc.a
LOAD c:/progra~2/gnuarm~1/102021~1.10/bin/../lib/gcc/arm-none-eabi/10.3.1/../../../../arm-none-eabi/lib/thumb/v7e-m/nofp\libm.a
LOAD c:/progra~2/gnuarm~1/102021~1.10/bin/../lib/gcc/arm-none-eabi/10.3.1/thumb/v7e-m/nofp\libgcc.a

.debug_info     0x00000000     0xa2da
 .debug_info    0x00000000      0x2c1 CMakeFiles/2_1_Printf.elf.dir/Core/Src/gpio.c.obj
 .debug_info    0x000002c1      0xadd CMakeFiles/2_1_Printf.elf.dir/Core/Src/main.c.obj
 .debug_info    0x00000d9e      0x2a4 CMakeFiles/2_1_Printf.elf.dir/Core/Src/stm32f4xx_hal_msp.c.obj
 .debug_info    0x00001042      0x12f CMakeFiles/2_1_Printf.elf.dir/Core/Src/stm32f4xx_it.c.obj
 .debug_info    0x00001171      0x174 CMakeFiles/2_1_Printf.elf.dir/Core/Src/sysmem.c.obj
 .debug_info    0x000012e5      0x37d CMakeFiles/2_1_Printf.elf.dir/Core/Src/system_stm32f4xx.c.obj
 .debug_info    0x00001662      0x9ce CMakeFiles/2_1_Printf.elf.dir/Core/Src/usart.c.obj
 .debug_info    0x00002030       0x22 CMakeFiles/2_1_Printf.elf.dir/Core/Startup/startup_stm32f407zgtx.s.obj
 .debug_info    0x00002052      0x9f0 CMakeFiles/2_1_Printf.elf.dir/Drivers/STM32F4xx_HAL_Driver/Src/stm32f4xx_hal.c.obj
 .debug_info    0x00002a42     0x1098 CMakeFiles/2_1_Printf.elf.dir/Drivers/STM32F4xx_HAL_Driver/Src/stm32f4xx_hal_cortex.c.obj
 .debug_info    0x00003ada      0x7b0 CMakeFiles/2_1_Printf.elf.dir/Drivers/STM32F4xx_HAL_Driver/Src/stm32f4xx_hal_gpio.c.obj
 .debug_info    0x0000428a      0xb03 CMakeFiles/2_1_Printf.elf.dir/Drivers/STM32F4xx_HAL_Driver/Src/stm32f4xx_hal_rcc.c.obj
 .debug_info    0x00004d8d     0x424e CMakeFiles/2_1_Printf.elf.dir/Drivers/STM32F4xx_HAL_Driver/Src/stm32f4xx_hal_uart.c.obj
 .debug_info    0x00008fdb     0x12ff CMakeFiles/2_1_Printf.elf.dir/User/Retarget.c.obj

.debug_abbrev   0x00000000     0x17b3
 .debug_abbrev  0x00000000       0xd1 CMakeFiles/2_1_Printf.elf.dir/Core/Src/gpio.c.obj
 .debug_abbrev  0x000000d1      0x20d CMakeFiles/2_1_Printf.elf.dir/Core/Src/main.c.obj
 .debug_abbrev  0x000002de       0xd1 CMakeFiles/2_1_Printf.elf.dir/Core/Src/stm32f4xx_hal_msp.c.obj
 .debug_abbrev  0x000003af       0x7e CMakeFiles/2_1_Printf.elf.dir/Core/Src/stm32f4xx_it.c.obj
 .debug_abbrev  0x0000042d       0xe7 CMakeFiles/2_1_Printf.elf.dir/Core/Src/sysmem.c.obj
 .debug_abbrev  0x00000514      0x119 CMakeFiles/2_1_Printf.elf.dir/Core/Src/system_stm32f4xx.c.obj
 .debug_abbrev  0x0000062d      0x1da CMakeFiles/2_1_Printf.elf.dir/Core/Src/usart.c.obj
 .debug_abbrev  0x00000807       0x12 CMakeFiles/2_1_Printf.elf.dir/Core/Startup/startup_stm32f407zgtx.s.obj
 .debug_abbrev  0x00000819      0x206 CMakeFiles/2_1_Printf.elf.dir/Drivers/STM32F4xx_HAL_Driver/Src/stm32f4xx_hal.c.obj
 .debug_abbrev  0x00000a1f      0x36a CMakeFiles/2_1_Printf.elf.dir/Drivers/STM32F4xx_HAL_Driver/Src/stm32f4xx_hal_cortex.c.obj
 .debug_abbrev  0x00000d89      0x1ef CMakeFiles/2_1_Printf.elf.dir/Drivers/STM32F4xx_HAL_Driver/Src/stm32f4xx_hal_gpio.c.obj
 .debug_abbrev  0x00000f78      0x28a CMakeFiles/2_1_Printf.elf.dir/Drivers/STM32F4xx_HAL_Driver/Src/stm32f4xx_hal_rcc.c.obj
 .debug_abbrev  0x00001202      0x2fd CMakeFiles/2_1_Printf.elf.dir/Drivers/STM32F4xx_HAL_Driver/Src/stm32f4xx_hal_uart.c.obj
 .debug_abbrev  0x000014ff      0x2b4 CMakeFiles/2_1_Printf.elf.dir/User/Retarget.c.obj

.debug_aranges  0x00000000      0x638
 .debug_aranges
                0x00000000       0x20 CMakeFiles/2_1_Printf.elf.dir/Core/Src/gpio.c.obj
 .debug_aranges
                0x00000020       0x30 CMakeFiles/2_1_Printf.elf.dir/Core/Src/main.c.obj
 .debug_aranges
                0x00000050       0x20 CMakeFiles/2_1_Printf.elf.dir/Core/Src/stm32f4xx_hal_msp.c.obj
 .debug_aranges
                0x00000070       0x60 CMakeFiles/2_1_Printf.elf.dir/Core/Src/stm32f4xx_it.c.obj
 .debug_aranges
                0x000000d0       0x20 CMakeFiles/2_1_Printf.elf.dir/Core/Src/sysmem.c.obj
 .debug_aranges
                0x000000f0       0x28 CMakeFiles/2_1_Printf.elf.dir/Core/Src/system_stm32f4xx.c.obj
 .debug_aranges
                0x00000118       0x30 CMakeFiles/2_1_Printf.elf.dir/Core/Src/usart.c.obj
 .debug_aranges
                0x00000148       0x28 CMakeFiles/2_1_Printf.elf.dir/Core/Startup/startup_stm32f407zgtx.s.obj
 .debug_aranges
                0x00000170       0xf0 CMakeFiles/2_1_Printf.elf.dir/Drivers/STM32F4xx_HAL_Driver/Src/stm32f4xx_hal.c.obj
 .debug_aranges
                0x00000260       0xa8 CMakeFiles/2_1_Printf.elf.dir/Drivers/STM32F4xx_HAL_Driver/Src/stm32f4xx_hal_cortex.c.obj
 .debug_aranges
                0x00000308       0x58 CMakeFiles/2_1_Printf.elf.dir/Drivers/STM32F4xx_HAL_Driver/Src/stm32f4xx_hal_gpio.c.obj
 .debug_aranges
                0x00000360       0x88 CMakeFiles/2_1_Printf.elf.dir/Drivers/STM32F4xx_HAL_Driver/Src/stm32f4xx_hal_rcc.c.obj
 .debug_aranges
                0x000003e8      0x200 CMakeFiles/2_1_Printf.elf.dir/Drivers/STM32F4xx_HAL_Driver/Src/stm32f4xx_hal_uart.c.obj
 .debug_aranges
                0x000005e8       0x50 CMakeFiles/2_1_Printf.elf.dir/User/Retarget.c.obj

.debug_ranges   0x00000000      0x5f0
 .debug_ranges  0x00000000       0x10 CMakeFiles/2_1_Printf.elf.dir/Core/Src/gpio.c.obj
 .debug_ranges  0x00000010       0x20 CMakeFiles/2_1_Printf.elf.dir/Core/Src/main.c.obj
 .debug_ranges  0x00000030       0x10 CMakeFiles/2_1_Printf.elf.dir/Core/Src/stm32f4xx_hal_msp.c.obj
 .debug_ranges  0x00000040       0x50 CMakeFiles/2_1_Printf.elf.dir/Core/Src/stm32f4xx_it.c.obj
 .debug_ranges  0x00000090       0x10 CMakeFiles/2_1_Printf.elf.dir/Core/Src/sysmem.c.obj
 .debug_ranges  0x000000a0       0x18 CMakeFiles/2_1_Printf.elf.dir/Core/Src/system_stm32f4xx.c.obj
 .debug_ranges  0x000000b8       0x20 CMakeFiles/2_1_Printf.elf.dir/Core/Src/usart.c.obj
 .debug_ranges  0x000000d8       0x20 CMakeFiles/2_1_Printf.elf.dir/Core/Startup/startup_stm32f407zgtx.s.obj
 .debug_ranges  0x000000f8       0xe0 CMakeFiles/2_1_Printf.elf.dir/Drivers/STM32F4xx_HAL_Driver/Src/stm32f4xx_hal.c.obj
 .debug_ranges  0x000001d8       0xf8 CMakeFiles/2_1_Printf.elf.dir/Drivers/STM32F4xx_HAL_Driver/Src/stm32f4xx_hal_cortex.c.obj
 .debug_ranges  0x000002d0       0x48 CMakeFiles/2_1_Printf.elf.dir/Drivers/STM32F4xx_HAL_Driver/Src/stm32f4xx_hal_gpio.c.obj
 .debug_ranges  0x00000318       0x90 CMakeFiles/2_1_Printf.elf.dir/Drivers/STM32F4xx_HAL_Driver/Src/stm32f4xx_hal_rcc.c.obj
 .debug_ranges  0x000003a8      0x208 CMakeFiles/2_1_Printf.elf.dir/Drivers/STM32F4xx_HAL_Driver/Src/stm32f4xx_hal_uart.c.obj
 .debug_ranges  0x000005b0       0x40 CMakeFiles/2_1_Printf.elf.dir/User/Retarget.c.obj

.debug_line     0x00000000     0x798a
 .debug_line    0x00000000      0x15f CMakeFiles/2_1_Printf.elf.dir/Core/Src/gpio.c.obj
 .debug_line    0x0000015f      0x3c6 CMakeFiles/2_1_Printf.elf.dir/Core/Src/main.c.obj
 .debug_line    0x00000525      0x167 CMakeFiles/2_1_Printf.elf.dir/Core/Src/stm32f4xx_hal_msp.c.obj
 .debug_line    0x0000068c      0x1a7 CMakeFiles/2_1_Printf.elf.dir/Core/Src/stm32f4xx_it.c.obj
 .debug_line    0x00000833      0x1a4 CMakeFiles/2_1_Printf.elf.dir/Core/Src/sysmem.c.obj
 .debug_line    0x000009d7      0x22f CMakeFiles/2_1_Printf.elf.dir/Core/Src/system_stm32f4xx.c.obj
 .debug_line    0x00000c06      0x301 CMakeFiles/2_1_Printf.elf.dir/Core/Src/usart.c.obj
 .debug_line    0x00000f07       0x9d CMakeFiles/2_1_Printf.elf.dir/Core/Startup/startup_stm32f407zgtx.s.obj
 .debug_line    0x00000fa4      0x5a1 CMakeFiles/2_1_Printf.elf.dir/Drivers/STM32F4xx_HAL_Driver/Src/stm32f4xx_hal.c.obj
 .debug_line    0x00001545      0x7b4 CMakeFiles/2_1_Printf.elf.dir/Drivers/STM32F4xx_HAL_Driver/Src/stm32f4xx_hal_cortex.c.obj
 .debug_line    0x00001cf9      0x705 CMakeFiles/2_1_Printf.elf.dir/Drivers/STM32F4xx_HAL_Driver/Src/stm32f4xx_hal_gpio.c.obj
 .debug_line    0x000023fe      0xb34 CMakeFiles/2_1_Printf.elf.dir/Drivers/STM32F4xx_HAL_Driver/Src/stm32f4xx_hal_rcc.c.obj
 .debug_line    0x00002f32     0x462a CMakeFiles/2_1_Printf.elf.dir/Drivers/STM32F4xx_HAL_Driver/Src/stm32f4xx_hal_uart.c.obj
 .debug_line    0x0000755c      0x42e CMakeFiles/2_1_Printf.elf.dir/User/Retarget.c.obj

.debug_str      0x00000000     0x27b1
 .debug_str     0x00000000      0x289 CMakeFiles/2_1_Printf.elf.dir/Core/Src/gpio.c.obj
                                0x2cb (size before relaxing)
 .debug_str     0x00000289      0x615 CMakeFiles/2_1_Printf.elf.dir/Core/Src/main.c.obj
                                0x918 (size before relaxing)
 .debug_str     0x0000089e       0x41 CMakeFiles/2_1_Printf.elf.dir/Core/Src/stm32f4xx_hal_msp.c.obj
                                0x2d7 (size before relaxing)
 .debug_str     0x000008df       0xcc CMakeFiles/2_1_Printf.elf.dir/Core/Src/stm32f4xx_it.c.obj
                                0x24b (size before relaxing)
 .debug_str     0x000009ab       0x92 CMakeFiles/2_1_Printf.elf.dir/Core/Src/sysmem.c.obj
                                0x241 (size before relaxing)
 .debug_str     0x00000a3d       0x9c CMakeFiles/2_1_Printf.elf.dir/Core/Src/system_stm32f4xx.c.obj
                                0x33d (size before relaxing)
 .debug_str     0x00000ad9       0xec CMakeFiles/2_1_Printf.elf.dir/Core/Src/usart.c.obj
                                0x818 (size before relaxing)
 .debug_str     0x00000bc5       0x4b CMakeFiles/2_1_Printf.elf.dir/Core/Startup/startup_stm32f407zgtx.s.obj
                                 0x75 (size before relaxing)
 .debug_str     0x00000c10      0x86f CMakeFiles/2_1_Printf.elf.dir/Drivers/STM32F4xx_HAL_Driver/Src/stm32f4xx_hal.c.obj
                                0xb76 (size before relaxing)
 .debug_str     0x0000147f      0x4c7 CMakeFiles/2_1_Printf.elf.dir/Drivers/STM32F4xx_HAL_Driver/Src/stm32f4xx_hal_cortex.c.obj
                                0xc48 (size before relaxing)
 .debug_str     0x00001946      0x16b CMakeFiles/2_1_Printf.elf.dir/Drivers/STM32F4xx_HAL_Driver/Src/stm32f4xx_hal_gpio.c.obj
                                0x4fc (size before relaxing)
 .debug_str     0x00001ab1      0x1b9 CMakeFiles/2_1_Printf.elf.dir/Drivers/STM32F4xx_HAL_Driver/Src/stm32f4xx_hal_rcc.c.obj
                                0x722 (size before relaxing)
 .debug_str     0x00001c6a      0x663 CMakeFiles/2_1_Printf.elf.dir/Drivers/STM32F4xx_HAL_Driver/Src/stm32f4xx_hal_uart.c.obj
                                0xd75 (size before relaxing)
 .debug_str     0x000022cd      0x4e4 CMakeFiles/2_1_Printf.elf.dir/User/Retarget.c.obj
                                0xbad (size before relaxing)

.comment        0x00000000       0x49
 .comment       0x00000000       0x49 CMakeFiles/2_1_Printf.elf.dir/Core/Src/gpio.c.obj
                                 0x4a (size before relaxing)
 .comment       0x00000049       0x4a CMakeFiles/2_1_Printf.elf.dir/Core/Src/main.c.obj
 .comment       0x00000049       0x4a CMakeFiles/2_1_Printf.elf.dir/Core/Src/stm32f4xx_hal_msp.c.obj
 .comment       0x00000049       0x4a CMakeFiles/2_1_Printf.elf.dir/Core/Src/stm32f4xx_it.c.obj
 .comment       0x00000049       0x4a CMakeFiles/2_1_Printf.elf.dir/Core/Src/sysmem.c.obj
 .comment       0x00000049       0x4a CMakeFiles/2_1_Printf.elf.dir/Core/Src/system_stm32f4xx.c.obj
 .comment       0x00000049       0x4a CMakeFiles/2_1_Printf.elf.dir/Core/Src/usart.c.obj
 .comment       0x00000049       0x4a CMakeFiles/2_1_Printf.elf.dir/Drivers/STM32F4xx_HAL_Driver/Src/stm32f4xx_hal.c.obj
 .comment       0x00000049       0x4a CMakeFiles/2_1_Printf.elf.dir/Drivers/STM32F4xx_HAL_Driver/Src/stm32f4xx_hal_cortex.c.obj
 .comment       0x00000049       0x4a CMakeFiles/2_1_Printf.elf.dir/Drivers/STM32F4xx_HAL_Driver/Src/stm32f4xx_hal_gpio.c.obj
 .comment       0x00000049       0x4a CMakeFiles/2_1_Printf.elf.dir/Drivers/STM32F4xx_HAL_Driver/Src/stm32f4xx_hal_rcc.c.obj
 .comment       0x00000049       0x4a CMakeFiles/2_1_Printf.elf.dir/Drivers/STM32F4xx_HAL_Driver/Src/stm32f4xx_hal_uart.c.obj
 .comment       0x00000049       0x4a CMakeFiles/2_1_Printf.elf.dir/User/Retarget.c.obj

.debug_frame    0x00000000     0x183c
 .debug_frame   0x00000000       0x28 CMakeFiles/2_1_Printf.elf.dir/Core/Src/gpio.c.obj
 .debug_frame   0x00000028       0x58 CMakeFiles/2_1_Printf.elf.dir/Core/Src/main.c.obj
 .debug_frame   0x00000080       0x28 CMakeFiles/2_1_Printf.elf.dir/Core/Src/stm32f4xx_hal_msp.c.obj
 .debug_frame   0x000000a8       0xa8 CMakeFiles/2_1_Printf.elf.dir/Core/Src/stm32f4xx_it.c.obj
 .debug_frame   0x00000150       0x28 CMakeFiles/2_1_Printf.elf.dir/Core/Src/sysmem.c.obj
 .debug_frame   0x00000178       0x30 CMakeFiles/2_1_Printf.elf.dir/Core/Src/system_stm32f4xx.c.obj
 .debug_frame   0x000001a8       0x60 CMakeFiles/2_1_Printf.elf.dir/Core/Src/usart.c.obj
 .debug_frame   0x00000208      0x1ec CMakeFiles/2_1_Printf.elf.dir/Drivers/STM32F4xx_HAL_Driver/Src/stm32f4xx_hal.c.obj
 .debug_frame   0x000003f4      0x148 CMakeFiles/2_1_Printf.elf.dir/Drivers/STM32F4xx_HAL_Driver/Src/stm32f4xx_hal_cortex.c.obj
 .debug_frame   0x0000053c       0xd8 CMakeFiles/2_1_Printf.elf.dir/Drivers/STM32F4xx_HAL_Driver/Src/stm32f4xx_hal_gpio.c.obj
 .debug_frame   0x00000614      0x16c CMakeFiles/2_1_Printf.elf.dir/Drivers/STM32F4xx_HAL_Driver/Src/stm32f4xx_hal_rcc.c.obj
 .debug_frame   0x00000780      0x5cc CMakeFiles/2_1_Printf.elf.dir/Drivers/STM32F4xx_HAL_Driver/Src/stm32f4xx_hal_uart.c.obj
 .debug_frame   0x00000d4c       0xb8 CMakeFiles/2_1_Printf.elf.dir/User/Retarget.c.obj
 .debug_frame   0x00000e04       0x2c c:/progra~2/gnuarm~1/102021~1.10/bin/../lib/gcc/arm-none-eabi/10.3.1/thumb/v7e-m/nofp\libgcc.a(_aeabi_uldivmod.o)
 .debug_frame   0x00000e30       0x34 c:/progra~2/gnuarm~1/102021~1.10/bin/../lib/gcc/arm-none-eabi/10.3.1/thumb/v7e-m/nofp\libgcc.a(_udivmoddi4.o)
 .debug_frame   0x00000e64       0x20 c:/progra~2/gnuarm~1/102021~1.10/bin/../lib/gcc/arm-none-eabi/10.3.1/../../../../arm-none-eabi/lib/thumb/v7e-m/nofp\libg.a(lib_a-errno.o)
 .debug_frame   0x00000e84       0x2c c:/progra~2/gnuarm~1/102021~1.10/bin/../lib/gcc/arm-none-eabi/10.3.1/../../../../arm-none-eabi/lib/thumb/v7e-m/nofp\libg.a(lib_a-init.o)
 .debug_frame   0x00000eb0       0x2c c:/progra~2/gnuarm~1/102021~1.10/bin/../lib/gcc/arm-none-eabi/10.3.1/../../../../arm-none-eabi/lib/thumb/v7e-m/nofp\libg.a(lib_a-memset.o)
 .debug_frame   0x00000edc       0x4c c:/progra~2/gnuarm~1/102021~1.10/bin/../lib/gcc/arm-none-eabi/10.3.1/../../../../arm-none-eabi/lib/thumb/v7e-m/nofp\libg.a(lib_a-puts.o)
 .debug_frame   0x00000f28       0x48 c:/progra~2/gnuarm~1/102021~1.10/bin/../lib/gcc/arm-none-eabi/10.3.1/../../../../arm-none-eabi/lib/thumb/v7e-m/nofp\libg.a(lib_a-setvbuf.o)
 .debug_frame   0x00000f70       0x5c c:/progra~2/gnuarm~1/102021~1.10/bin/../lib/gcc/arm-none-eabi/10.3.1/../../../../arm-none-eabi/lib/thumb/v7e-m/nofp\libg.a(lib_a-__call_atexit.o)
 .debug_frame   0x00000fcc       0x20 c:/progra~2/gnuarm~1/102021~1.10/bin/../lib/gcc/arm-none-eabi/10.3.1/../../../../arm-none-eabi/lib/thumb/v7e-m/nofp\libg.a(lib_a-atexit.o)
 .debug_frame   0x00000fec       0x70 c:/progra~2/gnuarm~1/102021~1.10/bin/../lib/gcc/arm-none-eabi/10.3.1/../../../../arm-none-eabi/lib/thumb/v7e-m/nofp\libg.a(lib_a-fflush.o)
 .debug_frame   0x0000105c      0x154 c:/progra~2/gnuarm~1/102021~1.10/bin/../lib/gcc/arm-none-eabi/10.3.1/../../../../arm-none-eabi/lib/thumb/v7e-m/nofp\libg.a(lib_a-findfp.o)
 .debug_frame   0x000011b0       0x34 c:/progra~2/gnuarm~1/102021~1.10/bin/../lib/gcc/arm-none-eabi/10.3.1/../../../../arm-none-eabi/lib/thumb/v7e-m/nofp\libg.a(lib_a-fini.o)
 .debug_frame   0x000011e4       0x8c c:/progra~2/gnuarm~1/102021~1.10/bin/../lib/gcc/arm-none-eabi/10.3.1/../../../../arm-none-eabi/lib/thumb/v7e-m/nofp\libg.a(lib_a-freer.o)
 .debug_frame   0x00001270       0x64 c:/progra~2/gnuarm~1/102021~1.10/bin/../lib/gcc/arm-none-eabi/10.3.1/../../../../arm-none-eabi/lib/thumb/v7e-m/nofp\libg.a(lib_a-fvwrite.o)
 .debug_frame   0x000012d4       0x54 c:/progra~2/gnuarm~1/102021~1.10/bin/../lib/gcc/arm-none-eabi/10.3.1/../../../../arm-none-eabi/lib/thumb/v7e-m/nofp\libg.a(lib_a-fwalk.o)
 .debug_frame   0x00001328       0xb0 c:/progra~2/gnuarm~1/102021~1.10/bin/../lib/gcc/arm-none-eabi/10.3.1/../../../../arm-none-eabi/lib/thumb/v7e-m/nofp\libg.a(lib_a-lock.o)
 .debug_frame   0x000013d8       0x70 c:/progra~2/gnuarm~1/102021~1.10/bin/../lib/gcc/arm-none-eabi/10.3.1/../../../../arm-none-eabi/lib/thumb/v7e-m/nofp\libg.a(lib_a-makebuf.o)
 .debug_frame   0x00001448       0x30 c:/progra~2/gnuarm~1/102021~1.10/bin/../lib/gcc/arm-none-eabi/10.3.1/../../../../arm-none-eabi/lib/thumb/v7e-m/nofp\libg.a(lib_a-malloc.o)
 .debug_frame   0x00001478       0x4c c:/progra~2/gnuarm~1/102021~1.10/bin/../lib/gcc/arm-none-eabi/10.3.1/../../../../arm-none-eabi/lib/thumb/v7e-m/nofp\libg.a(lib_a-mallocr.o)
 .debug_frame   0x000014c4       0x40 c:/progra~2/gnuarm~1/102021~1.10/bin/../lib/gcc/arm-none-eabi/10.3.1/../../../../arm-none-eabi/lib/thumb/v7e-m/nofp\libg.a(lib_a-memmove.o)
 .debug_frame   0x00001504       0x30 c:/progra~2/gnuarm~1/102021~1.10/bin/../lib/gcc/arm-none-eabi/10.3.1/../../../../arm-none-eabi/lib/thumb/v7e-m/nofp\libg.a(lib_a-mlock.o)
 .debug_frame   0x00001534       0x48 c:/progra~2/gnuarm~1/102021~1.10/bin/../lib/gcc/arm-none-eabi/10.3.1/../../../../arm-none-eabi/lib/thumb/v7e-m/nofp\libg.a(lib_a-reallocr.o)
 .debug_frame   0x0000157c       0x2c c:/progra~2/gnuarm~1/102021~1.10/bin/../lib/gcc/arm-none-eabi/10.3.1/../../../../arm-none-eabi/lib/thumb/v7e-m/nofp\libg.a(lib_a-sbrkr.o)
 .debug_frame   0x000015a8       0x8c c:/progra~2/gnuarm~1/102021~1.10/bin/../lib/gcc/arm-none-eabi/10.3.1/../../../../arm-none-eabi/lib/thumb/v7e-m/nofp\libg.a(lib_a-stdio.o)
 .debug_frame   0x00001634       0x2c c:/progra~2/gnuarm~1/102021~1.10/bin/../lib/gcc/arm-none-eabi/10.3.1/../../../../arm-none-eabi/lib/thumb/v7e-m/nofp\libg.a(lib_a-writer.o)
 .debug_frame   0x00001660       0x2c c:/progra~2/gnuarm~1/102021~1.10/bin/../lib/gcc/arm-none-eabi/10.3.1/../../../../arm-none-eabi/lib/thumb/v7e-m/nofp\libg.a(lib_a-wsetup.o)
 .debug_frame   0x0000168c       0x34 c:/progra~2/gnuarm~1/102021~1.10/bin/../lib/gcc/arm-none-eabi/10.3.1/../../../../arm-none-eabi/lib/thumb/v7e-m/nofp\libg.a(lib_a-__atexit.o)
 .debug_frame   0x000016c0       0x2c c:/progra~2/gnuarm~1/102021~1.10/bin/../lib/gcc/arm-none-eabi/10.3.1/../../../../arm-none-eabi/lib/thumb/v7e-m/nofp\libg.a(lib_a-closer.o)
 .debug_frame   0x000016ec       0x3c c:/progra~2/gnuarm~1/102021~1.10/bin/../lib/gcc/arm-none-eabi/10.3.1/../../../../arm-none-eabi/lib/thumb/v7e-m/nofp\libg.a(lib_a-fclose.o)
 .debug_frame   0x00001728       0x2c c:/progra~2/gnuarm~1/102021~1.10/bin/../lib/gcc/arm-none-eabi/10.3.1/../../../../arm-none-eabi/lib/thumb/v7e-m/nofp\libg.a(lib_a-fstatr.o)
 .debug_frame   0x00001754       0x2c c:/progra~2/gnuarm~1/102021~1.10/bin/../lib/gcc/arm-none-eabi/10.3.1/../../../../arm-none-eabi/lib/thumb/v7e-m/nofp\libg.a(lib_a-isattyr.o)
 .debug_frame   0x00001780       0x2c c:/progra~2/gnuarm~1/102021~1.10/bin/../lib/gcc/arm-none-eabi/10.3.1/../../../../arm-none-eabi/lib/thumb/v7e-m/nofp\libg.a(lib_a-lseekr.o)
 .debug_frame   0x000017ac       0x2c c:/progra~2/gnuarm~1/102021~1.10/bin/../lib/gcc/arm-none-eabi/10.3.1/../../../../arm-none-eabi/lib/thumb/v7e-m/nofp\libg.a(lib_a-readr.o)
 .debug_frame   0x000017d8       0x64 c:/progra~2/gnuarm~1/102021~1.10/bin/../lib/gcc/arm-none-eabi/10.3.1/../../../../arm-none-eabi/lib/thumb/v7e-m/nofp\libg.a(lib_a-reent.o)

.debug_loc      0x00000000     0x62a5
 .debug_loc     0x00000000       0x64 CMakeFiles/2_1_Printf.elf.dir/Core/Src/sysmem.c.obj
 .debug_loc     0x00000064      0x158 CMakeFiles/2_1_Printf.elf.dir/Core/Src/system_stm32f4xx.c.obj
 .debug_loc     0x000001bc       0x84 CMakeFiles/2_1_Printf.elf.dir/Core/Src/usart.c.obj
 .debug_loc     0x00000240      0x141 CMakeFiles/2_1_Printf.elf.dir/Drivers/STM32F4xx_HAL_Driver/Src/stm32f4xx_hal.c.obj
 .debug_loc     0x00000381      0x744 CMakeFiles/2_1_Printf.elf.dir/Drivers/STM32F4xx_HAL_Driver/Src/stm32f4xx_hal_cortex.c.obj
 .debug_loc     0x00000ac5      0x520 CMakeFiles/2_1_Printf.elf.dir/Drivers/STM32F4xx_HAL_Driver/Src/stm32f4xx_hal_gpio.c.obj
 .debug_loc     0x00000fe5      0x58c CMakeFiles/2_1_Printf.elf.dir/Drivers/STM32F4xx_HAL_Driver/Src/stm32f4xx_hal_rcc.c.obj
 .debug_loc     0x00001571     0x49ab CMakeFiles/2_1_Printf.elf.dir/Drivers/STM32F4xx_HAL_Driver/Src/stm32f4xx_hal_uart.c.obj
 .debug_loc     0x00005f1c      0x389 CMakeFiles/2_1_Printf.elf.dir/User/Retarget.c.obj
